Archive member included because of file (symbol)

contiki-avr-atmega128rfa1.a(process.o)
                              domotica.co (process_current)
contiki-avr-atmega128rfa1.a(contiki-main.o)
                              c:/program files (x86)/atmel/atmel toolchain/avr8 gcc/native/3.4.1061/avr8-gnu-toolchain/bin/../lib/gcc/avr/4.8.1/../../../../avr/lib/avr51/crtm128rfa1.o (main)
contiki-avr-atmega128rfa1.a(params.o)
                              contiki-avr-atmega128rfa1.a(contiki-main.o) (params_get_channel)
contiki-avr-atmega128rfa1.a(clock.o)
                              domotica.co (clock_init)
contiki-avr-atmega128rfa1.a(rs232.o)
                              contiki-avr-atmega128rfa1.a(contiki-main.o) (rs232_init)
contiki-avr-atmega128rfa1.a(watchdog.o)
                              contiki-avr-atmega128rfa1.a(contiki-main.o) (watchdog_init)
contiki-avr-atmega128rfa1.a(rf230bb.o)
                              contiki-avr-atmega128rfa1.a(clock.o) (RF230_receive_on)
contiki-avr-atmega128rfa1.a(halbb.o)
                              contiki-avr-atmega128rfa1.a(rf230bb.o) (hal_init)
contiki-avr-atmega128rfa1.a(rimeaddr.o)
                              contiki-avr-atmega128rfa1.a(contiki-main.o) (rimeaddr_set_node_addr)
contiki-avr-atmega128rfa1.a(rime.o)
                              contiki-avr-atmega128rfa1.a(contiki-main.o) (rime_driver)
contiki-avr-atmega128rfa1.a(announcement.o)
                              contiki-avr-atmega128rfa1.a(rime.o) (announcement_init)
contiki-avr-atmega128rfa1.a(broadcast-annou)
                              contiki-avr-atmega128rfa1.a(rime.o) (broadcast_announcement_init)
contiki-avr-atmega128rfa1.a(broadcast.o)
                              contiki-avr-atmega128rfa1.a(broadcast-annou) (broadcast_open)
contiki-avr-atmega128rfa1.a(abc.o)
                              contiki-avr-atmega128rfa1.a(broadcast.o) (abc_open)
contiki-avr-atmega128rfa1.a(chameleon.o)
                              contiki-avr-atmega128rfa1.a(rime.o) (chameleon_init)
contiki-avr-atmega128rfa1.a(channel.o)
                              contiki-avr-atmega128rfa1.a(chameleon.o) (channel_init)
contiki-avr-atmega128rfa1.a(chameleon-bitop)
                              contiki-avr-atmega128rfa1.a(chameleon.o) (chameleon_bitopt)
contiki-avr-atmega128rfa1.a(nullmac.o)
                              contiki-avr-atmega128rfa1.a(contiki-main.o) (nullmac_driver)
contiki-avr-atmega128rfa1.a(sicslowmac.o)
                              contiki-avr-atmega128rfa1.a(contiki-main.o) (sicslowmac_driver)
contiki-avr-atmega128rfa1.a(autostart.o)
                              contiki-avr-atmega128rfa1.a(contiki-main.o) (autostart_start)
contiki-avr-atmega128rfa1.a(list.o)
                              contiki-avr-atmega128rfa1.a(announcement.o) (list_init)
contiki-avr-atmega128rfa1.a(etimer.o)
                              contiki-avr-atmega128rfa1.a(clock.o) (etimer_request_poll)
contiki-avr-atmega128rfa1.a(ctimer.o)
                              contiki-avr-atmega128rfa1.a(contiki-main.o) (ctimer_init)
contiki-avr-atmega128rfa1.a(energest.o)
                              contiki-avr-atmega128rfa1.a(rf230bb.o) (energest_current_time)
contiki-avr-atmega128rfa1.a(rtimer.o)
                              contiki-avr-atmega128rfa1.a(contiki-main.o) (rtimer_init)
contiki-avr-atmega128rfa1.a(print-stats.o)
                              contiki-avr-atmega128rfa1.a(contiki-main.o) (print_stats)
contiki-avr-atmega128rfa1.a(random.o)
                              contiki-avr-atmega128rfa1.a(contiki-main.o) (random_init)
contiki-avr-atmega128rfa1.a(packetbuf.o)
                              contiki-avr-atmega128rfa1.a(chameleon-bitop) (packetbuf_hdrreduce)
contiki-avr-atmega128rfa1.a(queuebuf.o)
                              contiki-avr-atmega128rfa1.a(contiki-main.o) (queuebuf_init)
contiki-avr-atmega128rfa1.a(tcpip.o)
                              contiki-avr-atmega128rfa1.a(contiki-main.o) (tcpip_process)
contiki-avr-atmega128rfa1.a(uip-split.o)
                              contiki-avr-atmega128rfa1.a(tcpip.o) (uip_split_output)
contiki-avr-atmega128rfa1.a(uip.o)
                              contiki-avr-atmega128rfa1.a(tcpip.o) (uip_aligned_buf)
contiki-avr-atmega128rfa1.a(rtimer-arch.o)
                              contiki-avr-atmega128rfa1.a(rtimer.o) (rtimer_arch_init)
contiki-avr-atmega128rfa1.a(frame802154.o)
                              contiki-avr-atmega128rfa1.a(sicslowmac.o) (frame802154_hdrlen)
contiki-avr-atmega128rfa1.a(memb.o)
                              contiki-avr-atmega128rfa1.a(queuebuf.o) (memb_init)
contiki-avr-atmega128rfa1.a(timer.o)
                              contiki-avr-atmega128rfa1.a(etimer.o) (timer_set)
c:/program files (x86)/atmel/atmel toolchain/avr8 gcc/native/3.4.1061/avr8-gnu-toolchain/bin/../lib/gcc/avr/4.8.1/avr51\libgcc.a(_udivmodhi4.o)
                              contiki-avr-atmega128rfa1.a(contiki-main.o) (__udivmodhi4)
[...]
Memory Configuration

Name             Origin             Length             Attributes
text             0x00000000         0x00020000         xr
data             0x00800100         0x0000ff00         rw !x
eeprom           0x00810000         0x00010000         rw !x
fuse             0x00820000         0x00000400         rw !x
lock             0x00830000         0x00000400         rw !x
signature        0x00840000         0x00000400         rw !x
user_signatures  0x00850000         0x00000400         rw !x
*default*        0x00000000         0xffffffff

Linker script and memory map

Address of section .data set to 0x800200
LOAD c:/program files (x86)/atmel/atmel toolchain/avr8 gcc/native/3.4.1061/avr8-gnu-toolchain/bin/../lib/gcc/avr/4.8.1/../../../../avr/lib/avr51/crtm128rfa1.o
Address of section .bootloader set to 0x1f800
LOAD domotica.co
LOAD contiki-avr-atmega128rfa1.a
LOAD C:\Users\DODEDO~1\AppData\Local\Temp\ccAk59ce.o
START GROUP
LOAD c:/program files (x86)/atmel/atmel toolchain/avr8 gcc/native/3.4.1061/avr8-gnu-toolchain/bin/../lib/gcc/avr/4.8.1/avr51\libgcc.a
LOAD c:/program files (x86)/atmel/atmel toolchain/avr8 gcc/native/3.4.1061/avr8-gnu-toolchain/bin/../lib/gcc/avr/4.8.1/../../../../avr/lib/avr51\libm.a
LOAD c:/program files (x86)/atmel/atmel toolchain/avr8 gcc/native/3.4.1061/avr8-gnu-toolchain/bin/../lib/gcc/avr/4.8.1/../../../../avr/lib/avr51\libc.a
END GROUP

.hash
 *(.hash)

.dynsym
 *(.dynsym)

.dynstr
 *(.dynstr)

.gnu.version
 *(.gnu.version)

.gnu.version_d
 *(.gnu.version_d)

.gnu.version_r
 *(.gnu.version_r)

.rel.init
 *(.rel.init)

.rela.init
 *(.rela.init)

.rel.text
 *(.rel.text)
 *(.rel.text.*)
 *(.rel.gnu.linkonce.t*)

.rela.text
 *(.rela.text)
 *(.rela.text.*)
 *(.rela.gnu.linkonce.t*)

.rel.fini
 *(.rel.fini)

.rela.fini
 *(.rela.fini)

.rel.rodata
 *(.rel.rodata)
 *(.rel.rodata.*)
 *(.rel.gnu.linkonce.r*)

.rela.rodata
 *(.rela.rodata)
 *(.rela.rodata.*)
 *(.rela.gnu.linkonce.r*)

.rel.data
 *(.rel.data)
 *(.rel.data.*)
 *(.rel.gnu.linkonce.d*)

.rela.data
 *(.rela.data)
 *(.rela.data.*)
 *(.rela.gnu.linkonce.d*)

.rel.ctors
 *(.rel.ctors)

.rela.ctors
 *(.rela.ctors)

.rel.dtors
 *(.rel.dtors)

.rela.dtors
 *(.rela.dtors)

.rel.got
 *(.rel.got)

.rela.got
 *(.rela.got)

.rel.bss
 *(.rel.bss)

.rela.bss
 *(.rela.bss)

.rel.plt
 *(.rel.plt)

.rela.plt
 *(.rela.plt)

.text           0x00000000     0x54e0
 *(.vectors)
 .vectors       0x00000000      0x120 c:/program files (x86)/atmel/atmel toolchain/avr8 gcc/native/3.4.1061/avr8-gnu-toolchain/bin/../lib/gcc/avr/4.8.1/../../../../avr/lib/avr51/crtm128rfa1.o
                0x00000000                __vector_default
                0x00000000                __vectors
 *(.vectors)
 *(.progmem.gcc*)
 .progmem.gcc_sw_table.uip_process
                0x00000120       0x10 contiki-avr-atmega128rfa1.a(uip.o)
                0x00000130                . = ALIGN (0x2)
                0x00000130                __trampolines_start = .
 *(.trampolines)
 .trampolines   0x00000130        0x0 linker stubs
 *(.trampolines*)
                0x00000130                __trampolines_end = .
 *(.progmem*)
 .progmem.data.__c.4779
                0x00000130       0x1d contiki-avr-atmega128rfa1.a(contiki-main.o)
 .progmem.data.__c.4769
                0x0000014d        0x8 contiki-avr-atmega128rfa1.a(contiki-main.o)
 .progmem.data.__c.4767
                0x00000155       0x11 contiki-avr-atmega128rfa1.a(contiki-main.o)
 .progmem.data.__c.4765
                0x00000166        0xd contiki-avr-atmega128rfa1.a(contiki-main.o)
 .progmem.data.__c.4763
                0x00000173       0x32 contiki-avr-atmega128rfa1.a(contiki-main.o)
 .progmem.data.__c.4761
                0x000001a5        0x2 contiki-avr-atmega128rfa1.a(contiki-main.o)
 .progmem.data.__c.4756
                0x000001a7        0x4 contiki-avr-atmega128rfa1.a(contiki-main.o)
 .progmem.data.__c.4753
                0x000001ab        0xd contiki-avr-atmega128rfa1.a(contiki-main.o)
 .progmem.data.__c.4751
                0x000001b8       0x20 contiki-avr-atmega128rfa1.a(contiki-main.o)
 .progmem.data.__c.4748
                0x000001d8       0x1b contiki-avr-atmega128rfa1.a(contiki-main.o)
 .progmem.data.__c.4539
                0x000001f3       0x2d contiki-avr-atmega128rfa1.a(params.o)
 .progmem.data.default_domain_name
                0x00000220        0xa contiki-avr-atmega128rfa1.a(params.o)
                0x00000220                default_domain_name
 .progmem.data.default_server_name
                0x0000022a        0xe contiki-avr-atmega128rfa1.a(params.o)
                0x0000022a                default_server_name
 .progmem.data.default_mac_address
                0x00000238        0x8 contiki-avr-atmega128rfa1.a(params.o)
                0x00000238                default_mac_address
 .progmem.data.__c.3701
                0x00000240       0x6f contiki-avr-atmega128rfa1.a(print-stats.o)
                0x000002b0                . = ALIGN (0x2)
 *fill*         0x000002af        0x1 
 *(.jumptables)
 *(.jumptables*)
 *(.lowtext)
 *(.lowtext*)
                0x000002b0                __ctors_start = .
 *(.ctors)
                0x000002b0                __ctors_end = .
                0x000002b0                __dtors_start = .
 *(.dtors)
                0x000002b0                __dtors_end = .
 SORT(*)(.ctors)
 SORT(*)(.dtors)
 *(.init0)
 .init0         0x000002b0        0x0 c:/program files (x86)/atmel/atmel toolchain/avr8 gcc/native/3.4.1061/avr8-gnu-toolchain/bin/../lib/gcc/avr/4.8.1/../../../../avr/lib/avr51/crtm128rfa1.o
                0x000002b0                __init
 *(.init0)
 *(.init1)
 *(.init1)
 *(.init2)
 .init2         0x000002b0        0xc c:/program files (x86)/atmel/atmel toolchain/avr8 gcc/native/3.4.1061/avr8-gnu-toolchain/bin/../lib/gcc/avr/4.8.1/../../../../avr/lib/avr51/crtm128rfa1.o
 *(.init2)
 *(.init3)
 *(.init3)
 *(.init4)
 .init4         0x000002bc       0x1a c:/program files (x86)/atmel/atmel toolchain/avr8 gcc/native/3.4.1061/avr8-gnu-toolchain/bin/../lib/gcc/avr/4.8.1/avr51\libgcc.a(_copy_data.o)
                0x000002bc                __do_copy_data
 .init4         0x000002d6       0x10 c:/program files (x86)/atmel/atmel toolchain/avr8 gcc/native/3.4.1061/avr8-gnu-toolchain/bin/../lib/gcc/avr/4.8.1/avr51\libgcc.a(_clear_bss.o)
                0x000002d6                __do_clear_bss
 *(.init4)
 *(.init5)
 *(.init5)
 *(.init6)
 *(.init6)
 *(.init7)
 *(.init7)
 *(.init8)
 *(.init8)
 *(.init9)
 .init9         0x000002e6        0x8 c:/program files (x86)/atmel/atmel toolchain/avr8 gcc/native/3.4.1061/avr8-gnu-toolchain/bin/../lib/gcc/avr/4.8.1/../../../../avr/lib/avr51/crtm128rfa1.o
 *(.init9)
 *(.text)
 .text          0x000002ee        0x4 c:/program files (x86)/atmel/atmel toolchain/avr8 gcc/native/3.4.1061/avr8-gnu-toolchain/bin/../lib/gcc/avr/4.8.1/../../../../avr/lib/avr51/crtm128rfa1.o
                0x000002ee                __vector_38
                0x000002ee                __vector_22
                0x000002ee                __vector_28
                0x000002ee                __vector_67
                0x000002ee                __vector_1
                0x000002ee                __vector_71
                0x000002ee                __vector_34
                0x000002ee                __vector_24
                0x000002ee                __vector_12
                0x000002ee                __vector_55
                0x000002ee                __vector_69
                0x000002ee                __vector_46
                0x000002ee                __bad_interrupt
                0x000002ee                __vector_6
                0x000002ee                __vector_31
                0x000002ee                __vector_35
                0x000002ee                __vector_3
                0x000002ee                __vector_23
                0x000002ee                __vector_68
                0x000002ee                __vector_30
                0x000002ee                __vector_45
                0x000002ee                __vector_11
                0x000002ee                __vector_54
                0x000002ee                __vector_17
                0x000002ee                __vector_19
                0x000002ee                __vector_56
                0x000002ee                __vector_7
                0x000002ee                __vector_49
                0x000002ee                __vector_41
                0x000002ee                __vector_43
                0x000002ee                __vector_27
                0x000002ee                __vector_5
                0x000002ee                __vector_33
                0x000002ee                __vector_47
                0x000002ee                __vector_52
                0x000002ee                __vector_37
                0x000002ee                __vector_4
                0x000002ee                __vector_44
                0x000002ee                __vector_51
                0x000002ee                __vector_9
                0x000002ee                __vector_2
                0x000002ee                __vector_15
                0x000002ee                __vector_66
                0x000002ee                __vector_70
                0x000002ee                __vector_29
                0x000002ee                __vector_40
                0x000002ee                __vector_8
                0x000002ee                __vector_26
                0x000002ee                __vector_48
                0x000002ee                __vector_14
                0x000002ee                __vector_53
                0x000002ee                __vector_10
                0x000002ee                __vector_50
                0x000002ee                __vector_16
                0x000002ee                __vector_18
                0x000002ee                __vector_20
                0x000002ee                __vector_42
                0x000002ee                __vector_65
 .text          0x000002f2      0x2f0 C:\Users\DODEDO~1\AppData\Local\Temp\ccAk59ce.o
                0x000002f2                initTWI
                0x0000035a                __vector_39
                0x000005e2                . = ALIGN (0x2)
 *(.text.*)
 .text.process_thread_hello_world_process
                0x000005e2       0x48 domotica.co
 .text.call_process.part.0
                0x0000062a       0x4e contiki-avr-atmega128rfa1.a(process.o)
 .text.call_process
                0x00000678        0xc contiki-avr-atmega128rfa1.a(process.o)
 .text.exit_process
                0x00000684       0xd8 contiki-avr-atmega128rfa1.a(process.o)
 .text.do_poll  0x0000075c       0x3e contiki-avr-atmega128rfa1.a(process.o)
 .text.process_alloc_event
                0x0000079a        0xe contiki-avr-atmega128rfa1.a(process.o)
                0x0000079a                process_alloc_event
 .text.process_init
                0x000007a8       0x20 contiki-avr-atmega128rfa1.a(process.o)
                0x000007a8                process_init
 .text.process_run
                0x000007c8       0xc6 contiki-avr-atmega128rfa1.a(process.o)
                0x000007c8                process_run
 .text.process_post
                0x0000088e       0x3c contiki-avr-atmega128rfa1.a(process.o)
                0x0000088e                process_post
 .text.process_post_synch
                0x000008ca       0x1e contiki-avr-atmega128rfa1.a(process.o)
                0x000008ca                process_post_synch
 .text.process_start
                0x000008e8       0x42 contiki-avr-atmega128rfa1.a(process.o)
                0x000008e8                process_start
 .text.process_poll
                0x0000092a       0x18 contiki-avr-atmega128rfa1.a(process.o)
                0x0000092a                process_poll
 .text.rng_get_uint8
                0x00000942       0x28 contiki-avr-atmega128rfa1.a(contiki-main.o)
                0x00000942                rng_get_uint8
 .text.initialize
                0x0000096a      0x204 contiki-avr-atmega128rfa1.a(contiki-main.o)
                0x0000096a                initialize
 .text.startup.main
                0x00000b6e       0xca contiki-avr-atmega128rfa1.a(contiki-main.o)
                0x00000b6e                main
 .text.params_get_channel
                0x00000c38      0x10c contiki-avr-atmega128rfa1.a(params.o)
                0x00000c38                params_get_channel
 .text.params_get_eui64
                0x00000d44       0x14 contiki-avr-atmega128rfa1.a(params.o)
                0x00000d44                params_get_eui64
 .text.params_get_panid
                0x00000d58        0x8 contiki-avr-atmega128rfa1.a(params.o)
                0x00000d58                params_get_panid
 .text.params_get_panaddr
                0x00000d60        0x8 contiki-avr-atmega128rfa1.a(params.o)
                0x00000d60                params_get_panaddr
 .text.params_get_txpower
                0x00000d68        0x8 contiki-avr-atmega128rfa1.a(params.o)
                0x00000d68                params_get_txpower
 .text.clock_init
                0x00000d70       0x20 contiki-avr-atmega128rfa1.a(clock.o)
                0x00000d70                clock_init
 .text.clock_time
                0x00000d90       0x18 contiki-avr-atmega128rfa1.a(clock.o)
                0x00000d90                clock_time
 .text.clock_seconds
                0x00000da8       0x34 contiki-avr-atmega128rfa1.a(clock.o)
                0x00000da8                clock_seconds
 .text.__vector_21
                0x00000ddc       0xe2 contiki-avr-atmega128rfa1.a(clock.o)
                0x00000ddc                __vector_21
 .text.__vector_25
                0x00000ebe       0x5e contiki-avr-atmega128rfa1.a(rs232.o)
                0x00000ebe                __vector_25
 .text.__vector_36
                0x00000f1c       0x5e contiki-avr-atmega128rfa1.a(rs232.o)
                0x00000f1c                __vector_36
 .text.rs232_init
                0x00000f7a       0x40 contiki-avr-atmega128rfa1.a(rs232.o)
                0x00000f7a                rs232_init
 .text.rs232_send
                0x00000fba       0x24 contiki-avr-atmega128rfa1.a(rs232.o)
                0x00000fba                rs232_send
 .text.rs232_stdout_putchar
                0x00000fde       0x2a contiki-avr-atmega128rfa1.a(rs232.o)
                0x00000fde                rs232_stdout_putchar
 .text.rs232_redirect_stdout
                0x00001008       0x12 contiki-avr-atmega128rfa1.a(rs232.o)
                0x00001008                rs232_redirect_stdout
 .text.watchdog_init
                0x0000101a       0x18 contiki-avr-atmega128rfa1.a(watchdog.o)
                0x0000101a                watchdog_init
 .text.watchdog_start
                0x00001032       0x18 contiki-avr-atmega128rfa1.a(watchdog.o)
                0x00001032                watchdog_start
 .text.watchdog_periodic
                0x0000104a        0x4 contiki-avr-atmega128rfa1.a(watchdog.o)
                0x0000104a                watchdog_periodic
 .text.rf230_pending_packet
                0x0000104e        0x8 contiki-avr-atmega128rfa1.a(rf230bb.o)
 .text.radio_reset_state_machine
                0x00001056       0x32 contiki-avr-atmega128rfa1.a(rf230bb.o)
 .text.set_txpower
                0x00001088       0x1e contiki-avr-atmega128rfa1.a(rf230bb.o)
 .text.rf230_isidle
                0x000010a6       0x2c contiki-avr-atmega128rfa1.a(rf230bb.o)
 .text.rf230_waitidle
                0x000010d2       0x12 contiki-avr-atmega128rfa1.a(rf230bb.o)
 .text.rf230_receiving_packet
                0x000010e4       0x2a contiki-avr-atmega128rfa1.a(rf230bb.o)
 .text.radio_off
                0x0000110e      0x124 contiki-avr-atmega128rfa1.a(rf230bb.o)
 .text.rf230_off
                0x00001232       0x16 contiki-avr-atmega128rfa1.a(rf230bb.o)
 .text.rf230_prepare
                0x00001248       0x32 contiki-avr-atmega128rfa1.a(rf230bb.o)
 .text.radio_get_trx_state
                0x0000127a        0xc contiki-avr-atmega128rfa1.a(rf230bb.o)
                0x0000127a                radio_get_trx_state
 .text.radio_set_trx_state
                0x00001286       0xbc contiki-avr-atmega128rfa1.a(rf230bb.o)
 .text.radio_on
                0x00001342       0x6a contiki-avr-atmega128rfa1.a(rf230bb.o)
 .text.rf230_on
                0x000013ac       0x12 contiki-avr-atmega128rfa1.a(rf230bb.o)
 .text.rf230_cca
                0x000013be      0x128 contiki-avr-atmega128rfa1.a(rf230bb.o)
 .text.rf230_warm_reset
                0x000014e6       0x3e contiki-avr-atmega128rfa1.a(rf230bb.o)
                0x000014e6                rf230_warm_reset
 .text.rf230_init
                0x00001524       0x76 contiki-avr-atmega128rfa1.a(rf230bb.o)
                0x00001524                rf230_init
 .text.rf230_get_channel
                0x0000159a        0x6 contiki-avr-atmega128rfa1.a(rf230bb.o)
                0x0000159a                rf230_get_channel
 .text.rf230_set_channel
                0x000015a0       0x2a contiki-avr-atmega128rfa1.a(rf230bb.o)
                0x000015a0                rf230_set_channel
 .text.rf230_set_pan_addr
                0x000015ca       0x48 contiki-avr-atmega128rfa1.a(rf230bb.o)
                0x000015ca                rf230_set_pan_addr
 .text.rf230_interrupt
                0x00001612       0x26 contiki-avr-atmega128rfa1.a(rf230bb.o)
                0x00001612                rf230_interrupt
 .text.rf230_read
                0x00001638       0xce contiki-avr-atmega128rfa1.a(rf230bb.o)
 .text.process_thread_rf230_process
                0x00001706       0x8a contiki-avr-atmega128rfa1.a(rf230bb.o)
 .text.rf230_set_txpower
                0x00001790        0x4 contiki-avr-atmega128rfa1.a(rf230bb.o)
                0x00001790                rf230_set_txpower
 .text.rf230_get_txpower
                0x00001794       0x18 contiki-avr-atmega128rfa1.a(rf230bb.o)
                0x00001794                rf230_get_txpower
 .text.rf230_transmit
                0x000017ac      0x260 contiki-avr-atmega128rfa1.a(rf230bb.o)
 .text.rf230_send
                0x00001a0c       0x32 contiki-avr-atmega128rfa1.a(rf230bb.o)
 .text.hal_init
                0x00001a3e        0x2 contiki-avr-atmega128rfa1.a(halbb.o)
                0x00001a3e                hal_init
 .text.hal_subregister_read
                0x00001a40       0x14 contiki-avr-atmega128rfa1.a(halbb.o)
                0x00001a40                hal_subregister_read
 .text.hal_subregister_write
                0x00001a54       0x36 contiki-avr-atmega128rfa1.a(halbb.o)
                0x00001a54                hal_subregister_write
 .text.hal_frame_read
                0x00001a8a       0x54 contiki-avr-atmega128rfa1.a(halbb.o)
                0x00001a8a                hal_frame_read
 .text.hal_frame_write
                0x00001ade       0x22 contiki-avr-atmega128rfa1.a(halbb.o)
                0x00001ade                hal_frame_write
 .text.__vector_60
                0x00001b00       0x80 contiki-avr-atmega128rfa1.a(halbb.o)
                0x00001b00                __vector_60
 .text.__vector_59
                0x00001b80       0x14 contiki-avr-atmega128rfa1.a(halbb.o)
                0x00001b80                __vector_59
 .text.__vector_57
                0x00001b94       0x14 contiki-avr-atmega128rfa1.a(halbb.o)
                0x00001b94                __vector_57
 .text.__vector_58
                0x00001ba8       0x14 contiki-avr-atmega128rfa1.a(halbb.o)
                0x00001ba8                __vector_58
 .text.__vector_64
                0x00001bbc       0x18 contiki-avr-atmega128rfa1.a(halbb.o)
                0x00001bbc                __vector_64
 .text.__vector_63
                0x00001bd4       0x18 contiki-avr-atmega128rfa1.a(halbb.o)
                0x00001bd4                __vector_63
 .text.__vector_62
                0x00001bec       0x14 contiki-avr-atmega128rfa1.a(halbb.o)
                0x00001bec                __vector_62
 .text.__vector_61
                0x00001c00       0x18 contiki-avr-atmega128rfa1.a(halbb.o)
                0x00001c00                __vector_61
 .text.rimeaddr_copy
                0x00001c18        0xe contiki-avr-atmega128rfa1.a(rimeaddr.o)
                0x00001c18                rimeaddr_copy
 .text.rimeaddr_cmp
                0x00001c26       0x18 contiki-avr-atmega128rfa1.a(rimeaddr.o)
                0x00001c26                rimeaddr_cmp
 .text.rimeaddr_set_node_addr
                0x00001c3e        0xa contiki-avr-atmega128rfa1.a(rimeaddr.o)
                0x00001c3e                rimeaddr_set_node_addr
 .text.packet_sent
                0x00001c48       0x52 contiki-avr-atmega128rfa1.a(rime.o)
 .text.input    0x00001c9a       0x64 contiki-avr-atmega128rfa1.a(rime.o)
 .text.init     0x00001cfe       0x24 contiki-avr-atmega128rfa1.a(rime.o)
 .text.rime_output
                0x00001d22       0x2c contiki-avr-atmega128rfa1.a(rime.o)
                0x00001d22                rime_output
 .text.announcement_init
                0x00001d4e        0x8 contiki-avr-atmega128rfa1.a(announcement.o)
                0x00001d4e                announcement_init
 .text.announcement_register_observer_callback
                0x00001d56        0xa contiki-avr-atmega128rfa1.a(announcement.o)
                0x00001d56                announcement_register_observer_callback
 .text.announcement_list
                0x00001d60        0x8 contiki-avr-atmega128rfa1.a(announcement.o)
                0x00001d60                announcement_list
 .text.announcement_heard
                0x00001d68       0x62 contiki-avr-atmega128rfa1.a(announcement.o)
                0x00001d68                announcement_heard
 .text.adv_packet_sent
                0x00001dca        0x2 contiki-avr-atmega128rfa1.a(broadcast-annou)
 .text.set_timers
                0x00001dcc       0x3e contiki-avr-atmega128rfa1.a(broadcast-annou)
 .text.send_timer
                0x00001e0a       0x28 contiki-avr-atmega128rfa1.a(broadcast-annou)
 .text.send_adv
                0x00001e32       0x8e contiki-avr-atmega128rfa1.a(broadcast-annou)
 .text.adv_packet_received
                0x00001ec0       0x88 contiki-avr-atmega128rfa1.a(broadcast-annou)
 .text.new_announcement
                0x00001f48       0x20 contiki-avr-atmega128rfa1.a(broadcast-annou)
 .text.broadcast_announcement_init
                0x00001f68       0x4c contiki-avr-atmega128rfa1.a(broadcast-annou)
                0x00001f68                broadcast_announcement_init
 .text.sent_by_abc
                0x00001fb4       0x18 contiki-avr-atmega128rfa1.a(broadcast.o)
 .text.recv_from_abc
                0x00001fcc       0x4c contiki-avr-atmega128rfa1.a(broadcast.o)
 .text.broadcast_open
                0x00002018       0x34 contiki-avr-atmega128rfa1.a(broadcast.o)
                0x00002018                broadcast_open
 .text.broadcast_send
                0x0000204c       0x1a contiki-avr-atmega128rfa1.a(broadcast.o)
                0x0000204c                broadcast_send
 .text.abc_open
                0x00002066       0x30 contiki-avr-atmega128rfa1.a(abc.o)
                0x00002066                abc_open
 .text.abc_send
                0x00002096        0x4 contiki-avr-atmega128rfa1.a(abc.o)
                0x00002096                abc_send
 .text.abc_input
                0x0000209a       0x18 contiki-avr-atmega128rfa1.a(abc.o)
                0x0000209a                abc_input
 .text.abc_sent
                0x000020b2       0x18 contiki-avr-atmega128rfa1.a(abc.o)
                0x000020b2                abc_sent
 .text.chameleon_init
                0x000020ca        0x4 contiki-avr-atmega128rfa1.a(chameleon.o)
                0x000020ca                chameleon_init
 .text.chameleon_parse
                0x000020ce       0x26 contiki-avr-atmega128rfa1.a(chameleon.o)
                0x000020ce                chameleon_parse
 .text.chameleon_create
                0x000020f4       0x36 contiki-avr-atmega128rfa1.a(chameleon.o)
                0x000020f4                chameleon_create
 .text.chameleon_hdrsize
                0x0000212a        0xa contiki-avr-atmega128rfa1.a(chameleon.o)
                0x0000212a                chameleon_hdrsize
 .text.channel_init
                0x00002134        0x8 contiki-avr-atmega128rfa1.a(channel.o)
                0x00002134                channel_init
 .text.channel_open
                0x0000213c       0x10 contiki-avr-atmega128rfa1.a(channel.o)
                0x0000213c                channel_open
 .text.channel_lookup
                0x0000214c       0x2e contiki-avr-atmega128rfa1.a(channel.o)
                0x0000214c                channel_lookup
 .text.channel_set_attributes
                0x0000217a       0x2a contiki-avr-atmega128rfa1.a(channel.o)
                0x0000217a                channel_set_attributes
 .text.header_size
                0x000021a4       0x20 contiki-avr-atmega128rfa1.a(chameleon-bitop)
 .text.get_bits
                0x000021c4      0x154 contiki-avr-atmega128rfa1.a(chameleon-bitop)
                0x000021c4                get_bits
 .text.unpack_header
                0x00002318      0x10e contiki-avr-atmega128rfa1.a(chameleon-bitop)
 .text.set_bits
                0x00002426      0x14e contiki-avr-atmega128rfa1.a(chameleon-bitop)
                0x00002426                set_bits
 .text.pack_header
                0x00002574       0xfe contiki-avr-atmega128rfa1.a(chameleon-bitop)
 .text.send_packet
                0x00002672        0xa contiki-avr-atmega128rfa1.a(nullmac.o)
 .text.packet_input
                0x0000267c        0xa contiki-avr-atmega128rfa1.a(nullmac.o)
 .text.on       0x00002686        0xa contiki-avr-atmega128rfa1.a(nullmac.o)
 .text.off      0x00002690        0xa contiki-avr-atmega128rfa1.a(nullmac.o)
 .text.channel_check_interval
                0x0000269a        0x6 contiki-avr-atmega128rfa1.a(nullmac.o)
 .text.init     0x000026a0        0x2 contiki-avr-atmega128rfa1.a(nullmac.o)
 .text.on       0x000026a2        0xa contiki-avr-atmega128rfa1.a(sicslowmac.o)
 .text.channel_check_interval
                0x000026ac        0x6 contiki-avr-atmega128rfa1.a(sicslowmac.o)
 .text.send_packet
                0x000026b2      0x136 contiki-avr-atmega128rfa1.a(sicslowmac.o)
 .text.send_list
                0x000027e8       0x48 contiki-avr-atmega128rfa1.a(sicslowmac.o)
                0x000027e8                send_list
 .text.input_packet
                0x00002830       0xd6 contiki-avr-atmega128rfa1.a(sicslowmac.o)
 .text.init     0x00002906       0x12 contiki-avr-atmega128rfa1.a(sicslowmac.o)
 .text.off      0x00002918       0x18 contiki-avr-atmega128rfa1.a(sicslowmac.o)
 .text.autostart_start
                0x00002930       0x1e contiki-avr-atmega128rfa1.a(autostart.o)
                0x00002930                autostart_start
 .text.list_init
                0x0000294e        0x8 contiki-avr-atmega128rfa1.a(list.o)
                0x0000294e                list_init
 .text.list_head
                0x00002956        0x8 contiki-avr-atmega128rfa1.a(list.o)
                0x00002956                list_head
 .text.list_tail
                0x0000295e       0x20 contiki-avr-atmega128rfa1.a(list.o)
                0x0000295e                list_tail
 .text.list_remove
                0x0000297e       0x36 contiki-avr-atmega128rfa1.a(list.o)
                0x0000297e                list_remove
 .text.list_add
                0x000029b4       0x32 contiki-avr-atmega128rfa1.a(list.o)
                0x000029b4                list_add
 .text.list_item_next
                0x000029e6       0x12 contiki-avr-atmega128rfa1.a(list.o)
                0x000029e6                list_item_next
 .text.update_time
                0x000029f8       0x64 contiki-avr-atmega128rfa1.a(etimer.o)
 .text.etimer_request_poll
                0x00002a5c        0x8 contiki-avr-atmega128rfa1.a(etimer.o)
                0x00002a5c                etimer_request_poll
 .text.process_thread_etimer_process
                0x00002a64      0x106 contiki-avr-atmega128rfa1.a(etimer.o)
 .text.add_timer
                0x00002b6a       0x5e contiki-avr-atmega128rfa1.a(etimer.o)
 .text.etimer_set
                0x00002bc8       0x14 contiki-avr-atmega128rfa1.a(etimer.o)
                0x00002bc8                etimer_set
 .text.etimer_restart
                0x00002bdc       0x14 contiki-avr-atmega128rfa1.a(etimer.o)
                0x00002bdc                etimer_restart
 .text.etimer_expired
                0x00002bf0       0x16 contiki-avr-atmega128rfa1.a(etimer.o)
                0x00002bf0                etimer_expired
 .text.etimer_pending
                0x00002c06       0x16 contiki-avr-atmega128rfa1.a(etimer.o)
                0x00002c06                etimer_pending
 .text.process_thread_ctimer_process
                0x00002c1c       0xc8 contiki-avr-atmega128rfa1.a(ctimer.o)
 .text.ctimer_init
                0x00002ce4       0x18 contiki-avr-atmega128rfa1.a(ctimer.o)
                0x00002ce4                ctimer_init
 .text.ctimer_set
                0x00002cfc       0x64 contiki-avr-atmega128rfa1.a(ctimer.o)
                0x00002cfc                ctimer_set
 .text.rtimer_init
                0x00002d60        0x4 contiki-avr-atmega128rfa1.a(rtimer.o)
                0x00002d60                rtimer_init
 .text.rtimer_run_next
                0x00002d64       0x3e contiki-avr-atmega128rfa1.a(rtimer.o)
                0x00002d64                rtimer_run_next
 .text.print_stats
                0x00002da2      0x1c0 contiki-avr-atmega128rfa1.a(print-stats.o)
                0x00002da2                print_stats
 .text.random_init
                0x00002f62        0x4 contiki-avr-atmega128rfa1.a(random.o)
                0x00002f62                random_init
 .text.random_rand
                0x00002f66        0x4 contiki-avr-atmega128rfa1.a(random.o)
                0x00002f66                random_rand
 .text.packetbuf_hdrreduce
                0x00002f6a       0x3a contiki-avr-atmega128rfa1.a(packetbuf.o)
                0x00002f6a                packetbuf_hdrreduce
 .text.packetbuf_set_datalen
                0x00002fa4        0xa contiki-avr-atmega128rfa1.a(packetbuf.o)
                0x00002fa4                packetbuf_set_datalen
 .text.packetbuf_dataptr
                0x00002fae        0xe contiki-avr-atmega128rfa1.a(packetbuf.o)
                0x00002fae                packetbuf_dataptr
 .text.packetbuf_hdrptr
                0x00002fbc        0xc contiki-avr-atmega128rfa1.a(packetbuf.o)
                0x00002fbc                packetbuf_hdrptr
 .text.packetbuf_is_reference
                0x00002fc8       0x18 contiki-avr-atmega128rfa1.a(packetbuf.o)
                0x00002fc8                packetbuf_is_reference
 .text.packetbuf_compact
                0x00002fe0       0x5e contiki-avr-atmega128rfa1.a(packetbuf.o)
                0x00002fe0                packetbuf_compact
 .text.packetbuf_datalen
                0x0000303e        0xa contiki-avr-atmega128rfa1.a(packetbuf.o)
                0x0000303e                packetbuf_datalen
 .text.packetbuf_totlen
                0x00003048       0x16 contiki-avr-atmega128rfa1.a(packetbuf.o)
                0x00003048                packetbuf_totlen
 .text.packetbuf_hdralloc
                0x0000305e       0x3c contiki-avr-atmega128rfa1.a(packetbuf.o)
                0x0000305e                packetbuf_hdralloc
 .text.packetbuf_attr_clear
                0x0000309a       0x32 contiki-avr-atmega128rfa1.a(packetbuf.o)
                0x0000309a                packetbuf_attr_clear
 .text.packetbuf_clear
                0x000030cc       0x26 contiki-avr-atmega128rfa1.a(packetbuf.o)
                0x000030cc                packetbuf_clear
 .text.packetbuf_copyfrom
                0x000030f2       0x5e contiki-avr-atmega128rfa1.a(packetbuf.o)
                0x000030f2                packetbuf_copyfrom
 .text.packetbuf_attr_copyfrom
                0x00003150       0x22 contiki-avr-atmega128rfa1.a(packetbuf.o)
                0x00003150                packetbuf_attr_copyfrom
 .text.packetbuf_set_attr
                0x00003172       0x16 contiki-avr-atmega128rfa1.a(packetbuf.o)
                0x00003172                packetbuf_set_attr
 .text.packetbuf_attr
                0x00003188       0x12 contiki-avr-atmega128rfa1.a(packetbuf.o)
                0x00003188                packetbuf_attr
 .text.packetbuf_set_addr
                0x0000319a       0x14 contiki-avr-atmega128rfa1.a(packetbuf.o)
                0x0000319a                packetbuf_set_addr
 .text.packetbuf_addr
                0x000031ae        0xc contiki-avr-atmega128rfa1.a(packetbuf.o)
                0x000031ae                packetbuf_addr
 .text.queuebuf_init
                0x000031ba       0x18 contiki-avr-atmega128rfa1.a(queuebuf.o)
                0x000031ba                queuebuf_init
 .text.queuebuf_to_packetbuf
                0x000031d2       0x8e contiki-avr-atmega128rfa1.a(queuebuf.o)
                0x000031d2                queuebuf_to_packetbuf
 .text.start_periodic_tcp_timer
                0x00003260       0x16 contiki-avr-atmega128rfa1.a(tcpip.o)
 .text.tcpip_output
                0x00003276       0x12 contiki-avr-atmega128rfa1.a(tcpip.o)
                0x00003276                tcpip_output
 .text.process_thread_tcpip_process
                0x00003288      0x21c contiki-avr-atmega128rfa1.a(tcpip.o)
 .text.tcpip_uipcall
                0x000034a4       0x8a contiki-avr-atmega128rfa1.a(tcpip.o)
                0x000034a4                tcpip_uipcall
 .text.uip_split_output
                0x0000352e      0x114 contiki-avr-atmega128rfa1.a(uip-split.o)
                0x0000352e                uip_split_output
 .text.chksum   0x00003642       0x4a contiki-avr-atmega128rfa1.a(uip.o)
 .text.upper_layer_chksum
                0x0000368c       0x4e contiki-avr-atmega128rfa1.a(uip.o)
 .text.uip_add32
                0x000036da       0x6e contiki-avr-atmega128rfa1.a(uip.o)
                0x000036da                uip_add32
 .text.unlikely.uip_add_rcv_nxt
                0x00003748       0x34 contiki-avr-atmega128rfa1.a(uip.o)
 .text.uip_ipchksum
                0x0000377c       0x22 contiki-avr-atmega128rfa1.a(uip.o)
                0x0000377c                uip_ipchksum
 .text.uip_tcpchksum
                0x0000379e        0x6 contiki-avr-atmega128rfa1.a(uip.o)
                0x0000379e                uip_tcpchksum
 .text.uip_udpchksum
                0x000037a4        0x6 contiki-avr-atmega128rfa1.a(uip.o)
                0x000037a4                uip_udpchksum
 .text.uip_init
                0x000037aa       0x58 contiki-avr-atmega128rfa1.a(uip.o)
                0x000037aa                uip_init
 .text.uip_unlisten
                0x00003802       0x34 contiki-avr-atmega128rfa1.a(uip.o)
                0x00003802                uip_unlisten
 .text.uip_process
                0x00003836      0xe2e contiki-avr-atmega128rfa1.a(uip.o)
                0x00003836                uip_process
 .text.__vector_32
                0x00004664       0xee contiki-avr-atmega128rfa1.a(rtimer-arch.o)
                0x00004664                __vector_32
 .text.rtimer_arch_init
                0x00004752       0x34 contiki-avr-atmega128rfa1.a(rtimer-arch.o)
                0x00004752                rtimer_arch_init
 .text.rtimer_arch_schedule
                0x00004786       0x20 contiki-avr-atmega128rfa1.a(rtimer-arch.o)
                0x00004786                rtimer_arch_schedule
 .text.__vector_13
                0x000047a6       0x14 contiki-avr-atmega128rfa1.a(rtimer-arch.o)
                0x000047a6                __vector_13
 .text.field_len
                0x000047ba       0x8e contiki-avr-atmega128rfa1.a(frame802154.o)
 .text.frame802154_hdrlen
                0x00004848       0x46 contiki-avr-atmega128rfa1.a(frame802154.o)
                0x00004848                frame802154_hdrlen
 .text.frame802154_create
                0x0000488e      0x1f4 contiki-avr-atmega128rfa1.a(frame802154.o)
                0x0000488e                frame802154_create
 .text.frame802154_parse
                0x00004a82      0x19c contiki-avr-atmega128rfa1.a(frame802154.o)
                0x00004a82                frame802154_parse
 .text.memb_init
                0x00004c1e       0x3c contiki-avr-atmega128rfa1.a(memb.o)
                0x00004c1e                memb_init
 .text.memb_inmemb
                0x00004c5a       0x3a contiki-avr-atmega128rfa1.a(memb.o)
                0x00004c5a                memb_inmemb
 .text.timer_set
                0x00004c94       0x18 contiki-avr-atmega128rfa1.a(timer.o)
                0x00004c94                timer_set
 .text.timer_restart
                0x00004cac       0x14 contiki-avr-atmega128rfa1.a(timer.o)
                0x00004cac                timer_restart
 .text.timer_expired
                0x00004cc0       0x30 contiki-avr-atmega128rfa1.a(timer.o)
                0x00004cc0                timer_expired
 .text.libgcc.div
                0x00004cf0       0x28 c:/program files (x86)/atmel/atmel toolchain/avr8 gcc/native/3.4.1061/avr8-gnu-toolchain/bin/../lib/gcc/avr/4.8.1/avr51\libgcc.a(_udivmodhi4.o)
                0x00004cf0                __udivmodhi4
 .text.libgcc.div
                0x00004d18       0x44 c:/program files (x86)/atmel/atmel toolchain/avr8 gcc/native/3.4.1061/avr8-gnu-toolchain/bin/../lib/gcc/avr/4.8.1/avr51\libgcc.a(_udivmodsi4.o)
                0x00004d18                __udivmodsi4
 .text.libgcc   0x00004d5c        0xc c:/program files (x86)/atmel/atmel toolchain/avr8 gcc/native/3.4.1061/avr8-gnu-toolchain/bin/../lib/gcc/avr/4.8.1/avr51\libgcc.a(_tablejump.o)
                0x00004d5c                __tablejump2__
                0x00004d60                __tablejump__
 .text.avr-libc
                0x00004d68       0xb8 c:/program files (x86)/atmel/atmel toolchain/avr8 gcc/native/3.4.1061/avr8-gnu-toolchain/bin/../lib/gcc/avr/4.8.1/../../../../avr/lib/avr51\libc.a(rand.o)
                0x00004dfe                rand_r
                0x00004e02                rand
                0x00004e0a                srand
 .text.avr-libc
                0x00004e20       0x1a c:/program files (x86)/atmel/atmel toolchain/avr8 gcc/native/3.4.1061/avr8-gnu-toolchain/bin/../lib/gcc/avr/4.8.1/../../../../avr/lib/avr51\libc.a(memcmp.o)
                0x00004e20                memcmp
 .text.avr-libc
                0x00004e3a       0x12 c:/program files (x86)/atmel/atmel toolchain/avr8 gcc/native/3.4.1061/avr8-gnu-toolchain/bin/../lib/gcc/avr/4.8.1/../../../../avr/lib/avr51\libc.a(memcpy.o)
                0x00004e3a                memcpy
 .text.avr-libc
                0x00004e4c        0xe c:/program files (x86)/atmel/atmel toolchain/avr8 gcc/native/3.4.1061/avr8-gnu-toolchain/bin/../lib/gcc/avr/4.8.1/../../../../avr/lib/avr51\libc.a(memset.o)
                0x00004e4c                memset
 .text.avr-libc
                0x00004e5a       0x48 c:/program files (x86)/atmel/atmel toolchain/avr8 gcc/native/3.4.1061/avr8-gnu-toolchain/bin/../lib/gcc/avr/4.8.1/../../../../avr/lib/avr51\libc.a(printf_p.o)
                0x00004e5a                printf_P
 .text.avr-libc
                0x00004ea2      0x3f6 c:/program files (x86)/atmel/atmel toolchain/avr8 gcc/native/3.4.1061/avr8-gnu-toolchain/bin/../lib/gcc/avr/4.8.1/../../../../avr/lib/avr51\libc.a(vfprintf_std.o)
                0x00004ea2                vfprintf
 .text.avr-libc
                0x00005298       0x20 c:/program files (x86)/atmel/atmel toolchain/avr8 gcc/native/3.4.1061/avr8-gnu-toolchain/bin/../lib/gcc/avr/4.8.1/../../../../avr/lib/avr51\libc.a(eerd_block_atmega128rfa1.o)
                0x00005298                __eerd_block_m128rfa1
                0x0000529c                __eerd_blraw_m128rfa1
 .text.avr-libc
                0x000052b8       0x10 c:/program files (x86)/atmel/atmel toolchain/avr8 gcc/native/3.4.1061/avr8-gnu-toolchain/bin/../lib/gcc/avr/4.8.1/../../../../avr/lib/avr51\libc.a(eerd_byte_atmega128rfa1.o)
                0x000052b8                __eerd_byte_m128rfa1
 .text.avr-libc
                0x000052c8        0xc c:/program files (x86)/atmel/atmel toolchain/avr8 gcc/native/3.4.1061/avr8-gnu-toolchain/bin/../lib/gcc/avr/4.8.1/../../../../avr/lib/avr51\libc.a(eerd_word_atmega128rfa1.o)
                0x000052c8                __eerd_word_m128rfa1
 .text.avr-libc
                0x000052d4       0x14 c:/program files (x86)/atmel/atmel toolchain/avr8 gcc/native/3.4.1061/avr8-gnu-toolchain/bin/../lib/gcc/avr/4.8.1/../../../../avr/lib/avr51\libc.a(eewr_block_atmega128rfa1.o)
                0x000052d4                __eewr_block_m128rfa1
 .text.avr-libc
                0x000052e8       0x1c c:/program files (x86)/atmel/atmel toolchain/avr8 gcc/native/3.4.1061/avr8-gnu-toolchain/bin/../lib/gcc/avr/4.8.1/../../../../avr/lib/avr51\libc.a(eewr_byte_atmega128rfa1.o)
                0x000052e8                __eewr_byte_m128rfa1
                0x000052ea                __eewr_r18_m128rfa1
 .text.avr-libc
                0x00005304        0xa c:/program files (x86)/atmel/atmel toolchain/avr8 gcc/native/3.4.1061/avr8-gnu-toolchain/bin/../lib/gcc/avr/4.8.1/../../../../avr/lib/avr51\libc.a(eewr_word_atmega128rfa1.o)
                0x00005304                __eewr_word_m128rfa1
 .text.avr-libc
                0x0000530e       0x16 c:/program files (x86)/atmel/atmel toolchain/avr8 gcc/native/3.4.1061/avr8-gnu-toolchain/bin/../lib/gcc/avr/4.8.1/../../../../avr/lib/avr51\libc.a(strnlen_P.o)
                0x0000530e                strnlen_P
 .text.avr-libc
                0x00005324       0x16 c:/program files (x86)/atmel/atmel toolchain/avr8 gcc/native/3.4.1061/avr8-gnu-toolchain/bin/../lib/gcc/avr/4.8.1/../../../../avr/lib/avr51\libc.a(strnlen.o)
                0x00005324                strnlen
 .text.avr-libc
                0x0000533a       0x64 c:/program files (x86)/atmel/atmel toolchain/avr8 gcc/native/3.4.1061/avr8-gnu-toolchain/bin/../lib/gcc/avr/4.8.1/../../../../avr/lib/avr51\libc.a(fputc.o)
                0x0000533a                fputc
 .text.avr-libc
                0x0000539e       0xbc c:/program files (x86)/atmel/atmel toolchain/avr8 gcc/native/3.4.1061/avr8-gnu-toolchain/bin/../lib/gcc/avr/4.8.1/../../../../avr/lib/avr51\libc.a(ultoa_invert.o)
                0x0000539e                __ultoa_invert
 .text.libgcc.div
                0x0000545a       0x2e c:/program files (x86)/atmel/atmel toolchain/avr8 gcc/native/3.4.1061/avr8-gnu-toolchain/bin/../lib/gcc/avr/4.8.1/avr51\libgcc.a(_divmodsi4.o)
                0x0000545a                __divmodsi4
 .text.libgcc.div
                0x00005488       0x10 c:/program files (x86)/atmel/atmel toolchain/avr8 gcc/native/3.4.1061/avr8-gnu-toolchain/bin/../lib/gcc/avr/4.8.1/avr51\libgcc.a(_negsi2.o)
                0x00005488                __negsi2
 .text.libgcc.mul
                0x00005498       0x16 c:/program files (x86)/atmel/atmel toolchain/avr8 gcc/native/3.4.1061/avr8-gnu-toolchain/bin/../lib/gcc/avr/4.8.1/avr51\libgcc.a(_muluhisi3.o)
                0x00005498                __muluhisi3
 .text.libgcc.mul
                0x000054ae       0x10 c:/program files (x86)/atmel/atmel toolchain/avr8 gcc/native/3.4.1061/avr8-gnu-toolchain/bin/../lib/gcc/avr/4.8.1/avr51\libgcc.a(_mulshisi3.o)
                0x000054ae                __mulshisi3
                0x000054b4                __mulohisi3
 .text.libgcc.mul
                0x000054be       0x1e c:/program files (x86)/atmel/atmel toolchain/avr8 gcc/native/3.4.1061/avr8-gnu-toolchain/bin/../lib/gcc/avr/4.8.1/avr51\libgcc.a(_umulhisi3.o)
                0x000054be                __umulhisi3
                0x000054dc                . = ALIGN (0x2)
 *(.fini9)
 .fini9         0x000054dc        0x0 c:/program files (x86)/atmel/atmel toolchain/avr8 gcc/native/3.4.1061/avr8-gnu-toolchain/bin/../lib/gcc/avr/4.8.1/avr51\libgcc.a(_exit.o)
                0x000054dc                _exit
                0x000054dc                exit
 *(.fini9)
 *(.fini8)
 *(.fini8)
 *(.fini7)
 *(.fini7)
 *(.fini6)
 *(.fini6)
 *(.fini5)
 *(.fini5)
 *(.fini4)
 *(.fini4)
 *(.fini3)
 *(.fini3)
 *(.fini2)
 *(.fini2)
 *(.fini1)
 *(.fini1)
 *(.fini0)
 .fini0         0x000054dc        0x4 c:/program files (x86)/atmel/atmel toolchain/avr8 gcc/native/3.4.1061/avr8-gnu-toolchain/bin/../lib/gcc/avr/4.8.1/avr51\libgcc.a(_exit.o)
 *(.fini0)
                0x000054e0                _etext = .

.data           0x00800200      0x12c load address 0x000054e0
                0x00800200                PROVIDE (__data_start, .)
 *(.data)
 .data          0x00800200        0x4 c:/program files (x86)/atmel/atmel toolchain/avr8 gcc/native/3.4.1061/avr8-gnu-toolchain/bin/../lib/gcc/avr/4.8.1/../../../../avr/lib/avr51\libc.a(rand.o)
 *(.data*)
 .data.hello_world_process
                0x00800204        0xa domotica.co
                0x00800204                hello_world_process
 .data.rs232_stdout
                0x0080020e        0xe contiki-avr-atmega128rfa1.a(rs232.o)
 .data.rf230_process
                0x0080021c        0xa contiki-avr-atmega128rfa1.a(rf230bb.o)
                0x0080021c                rf230_process
 .data.etimer_process
                0x00800226        0xa contiki-avr-atmega128rfa1.a(etimer.o)
                0x00800226                etimer_process
 .data.ctimer_process
                0x00800230        0xa contiki-avr-atmega128rfa1.a(ctimer.o)
                0x00800230                ctimer_process
 .data.buframmem
                0x0080023a        0x8 contiki-avr-atmega128rfa1.a(queuebuf.o)
 .data.refbufmem
                0x00800242        0x8 contiki-avr-atmega128rfa1.a(queuebuf.o)
 .data.bufmem   0x0080024a        0x8 contiki-avr-atmega128rfa1.a(queuebuf.o)
 .data.tcpip_process
                0x00800252        0xa contiki-avr-atmega128rfa1.a(tcpip.o)
                0x00800252                tcpip_process
 *(.rodata)
 *(.rodata*)
 .rodata.autostart_processes
                0x0080025c        0x4 domotica.co
                0x0080025c                autostart_processes
 .rodata.str1.1
                0x00800260       0x14 domotica.co
 .rodata.str1.1
                0x00800274        0xc contiki-avr-atmega128rfa1.a(contiki-main.o)
 .rodata.str1.1
                0x00800280        0xd contiki-avr-atmega128rfa1.a(rf230bb.o)
 .rodata.rf230_driver
                0x0080028d       0x14 contiki-avr-atmega128rfa1.a(rf230bb.o)
                0x0080028d                rf230_driver
 .rodata.rimeaddr_null
                0x008002a1        0x2 contiki-avr-atmega128rfa1.a(rimeaddr.o)
                0x008002a1                rimeaddr_null
 .rodata.str1.1
                0x008002a3        0x5 contiki-avr-atmega128rfa1.a(rime.o)
 .rodata.rime_driver
                0x008002a8        0x6 contiki-avr-atmega128rfa1.a(rime.o)
                0x008002a8                rime_driver
 .rodata.broadcast_callbacks
                0x008002ae        0x4 contiki-avr-atmega128rfa1.a(broadcast-annou)
 .rodata.broadcast
                0x008002b2        0x4 contiki-avr-atmega128rfa1.a(broadcast.o)
 .rodata.attributes
                0x008002b6        0x4 contiki-avr-atmega128rfa1.a(broadcast.o)
 .rodata.attributes
                0x008002ba        0x2 contiki-avr-atmega128rfa1.a(abc.o)
 .rodata.chameleon_bitopt
                0x008002bc        0x6 contiki-avr-atmega128rfa1.a(chameleon-bitop)
                0x008002bc                chameleon_bitopt
 .rodata.bitmask
                0x008002c2        0x9 contiki-avr-atmega128rfa1.a(chameleon-bitop)
 .rodata.str1.1
                0x008002cb        0x8 contiki-avr-atmega128rfa1.a(nullmac.o)
 .rodata.nullmac_driver
                0x008002d3        0xe contiki-avr-atmega128rfa1.a(nullmac.o)
                0x008002d3                nullmac_driver
 .rodata.str1.1
                0x008002e1        0xb contiki-avr-atmega128rfa1.a(sicslowmac.o)
 .rodata.sicslowmac_driver
                0x008002ec       0x10 contiki-avr-atmega128rfa1.a(sicslowmac.o)
                0x008002ec                sicslowmac_driver
 .rodata.str1.1
                0x008002fc        0xc contiki-avr-atmega128rfa1.a(etimer.o)
 .rodata.str1.1
                0x00800308        0xf contiki-avr-atmega128rfa1.a(ctimer.o)
 .rodata.str1.1
                0x00800317        0xd contiki-avr-atmega128rfa1.a(tcpip.o)
 .rodata.uip_all_zeroes_addr
                0x00800324        0x4 contiki-avr-atmega128rfa1.a(uip.o)
                0x00800324                uip_all_zeroes_addr
 .rodata.uip_broadcast_addr
                0x00800328        0x4 contiki-avr-atmega128rfa1.a(uip.o)
                0x00800328                uip_broadcast_addr
 *(.gnu.linkonce.d*)
                0x0080032c                . = ALIGN (0x2)
                0x0080032c                _edata = .
                0x0080032c                PROVIDE (__data_end, .)

.bss            0x0080032c     0x12c0
                0x0080032c                PROVIDE (__bss_start, .)
 *(.bss)
 *(.bss*)
 .bss.snum.1622
                0x0080032c        0x1 contiki-avr-atmega128rfa1.a(process.o)
 .bss.p.1607    0x0080032d        0x2 contiki-avr-atmega128rfa1.a(process.o)
 .bss.receiver.1606
                0x0080032f        0x2 contiki-avr-atmega128rfa1.a(process.o)
 .bss.data.1605
                0x00800331        0x2 contiki-avr-atmega128rfa1.a(process.o)
 .bss.ev.1604   0x00800333        0x1 contiki-avr-atmega128rfa1.a(process.o)
 .bss.poll_requested
                0x00800334        0x1 contiki-avr-atmega128rfa1.a(process.o)
 .bss.events    0x00800335       0xa0 contiki-avr-atmega128rfa1.a(process.o)
 .bss.fevent    0x008003d5        0x1 contiki-avr-atmega128rfa1.a(process.o)
 .bss.nevents   0x008003d6        0x1 contiki-avr-atmega128rfa1.a(process.o)
 .bss.lastevent
                0x008003d7        0x1 contiki-avr-atmega128rfa1.a(process.o)
 .bss.process_current
                0x008003d8        0x2 contiki-avr-atmega128rfa1.a(process.o)
                0x008003d8                process_current
 .bss.process_list
                0x008003da        0x2 contiki-avr-atmega128rfa1.a(process.o)
                0x008003da                process_list
 .bss.rcount    0x008003dc        0x1 contiki-avr-atmega128rfa1.a(clock.o)
 .bss.scount    0x008003dd        0x1 contiki-avr-atmega128rfa1.a(clock.o)
 .bss.count     0x008003de        0x2 contiki-avr-atmega128rfa1.a(clock.o)
 .bss.stdout_rs232_port
                0x008003e0        0x1 contiki-avr-atmega128rfa1.a(rs232.o)
 .bss.buffer    0x008003e1       0x81 contiki-avr-atmega128rfa1.a(rf230bb.o)
 .bss.channel   0x00800462        0x1 contiki-avr-atmega128rfa1.a(rf230bb.o)
 .bss.sniffers_list
                0x00800463        0x2 contiki-avr-atmega128rfa1.a(rime.o)
 .bss.observer_callback
                0x00800465        0x2 contiki-avr-atmega128rfa1.a(announcement.o)
 .bss.announcements_list
                0x00800467        0x2 contiki-avr-atmega128rfa1.a(announcement.o)
 .bss.c         0x00800469       0x35 contiki-avr-atmega128rfa1.a(broadcast-annou)
 .bss.channel_list_list
                0x0080049e        0x2 contiki-avr-atmega128rfa1.a(channel.o)
 .bss.mac_dsn   0x008004a0        0x1 contiki-avr-atmega128rfa1.a(sicslowmac.o)
 .bss.next_expiration
                0x008004a1        0x2 contiki-avr-atmega128rfa1.a(etimer.o)
 .bss.timerlist
                0x008004a3        0x2 contiki-avr-atmega128rfa1.a(etimer.o)
 .bss.initialized
                0x008004a5        0x1 contiki-avr-atmega128rfa1.a(ctimer.o)
 .bss.ctimer_list_list
                0x008004a6        0x2 contiki-avr-atmega128rfa1.a(ctimer.o)
 .bss.next_rtimer
                0x008004a8        0x2 contiki-avr-atmega128rfa1.a(rtimer.o)
 .bss.packetbufptr
                0x008004aa        0x2 contiki-avr-atmega128rfa1.a(packetbuf.o)
 .bss.packetbuf_aligned
                0x008004ac       0xb2 contiki-avr-atmega128rfa1.a(packetbuf.o)
 .bss.hdrptr    0x0080055e        0x1 contiki-avr-atmega128rfa1.a(packetbuf.o)
 .bss.bufptr    0x0080055f        0x2 contiki-avr-atmega128rfa1.a(packetbuf.o)
 .bss.buflen    0x00800561        0x2 contiki-avr-atmega128rfa1.a(packetbuf.o)
 .bss.buframmem_memb_mem
                0x00800563      0x5d0 contiki-avr-atmega128rfa1.a(queuebuf.o)
 .bss.buframmem_memb_count
                0x00800b33        0x8 contiki-avr-atmega128rfa1.a(queuebuf.o)
 .bss.refbufmem_memb_mem
                0x00800b3b       0x6a contiki-avr-atmega128rfa1.a(queuebuf.o)
 .bss.refbufmem_memb_count
                0x00800ba5        0x2 contiki-avr-atmega128rfa1.a(queuebuf.o)
 .bss.bufmem_memb_mem
                0x00800ba7       0x10 contiki-avr-atmega128rfa1.a(queuebuf.o)
 .bss.bufmem_memb_count
                0x00800bb7        0x8 contiki-avr-atmega128rfa1.a(queuebuf.o)
 .bss.i.4950    0x00800bbf        0x1 contiki-avr-atmega128rfa1.a(tcpip.o)
 .bss.i.4914    0x00800bc0        0x1 contiki-avr-atmega128rfa1.a(tcpip.o)
 .bss.i.4962    0x00800bc1        0x1 contiki-avr-atmega128rfa1.a(tcpip.o)
 .bss.outputfunc
                0x00800bc2        0x2 contiki-avr-atmega128rfa1.a(tcpip.o)
 .bss.s         0x00800bc4       0x12 contiki-avr-atmega128rfa1.a(tcpip.o)
 .bss.periodic  0x00800bd6        0x8 contiki-avr-atmega128rfa1.a(tcpip.o)
 .bss.tmp16     0x00800bde        0x2 contiki-avr-atmega128rfa1.a(uip.o)
 .bss.opt       0x00800be0        0x1 contiki-avr-atmega128rfa1.a(uip.o)
 .bss.c         0x00800be1        0x1 contiki-avr-atmega128rfa1.a(uip.o)
 .bss.lastport  0x00800be2        0x2 contiki-avr-atmega128rfa1.a(uip.o)
 .bss.iss       0x00800be4        0x4 contiki-avr-atmega128rfa1.a(uip.o)
 .bss.ipid      0x00800be8        0x2 contiki-avr-atmega128rfa1.a(uip.o)
 *(COMMON)
 COMMON         0x00800bea        0x6 contiki-avr-atmega128rfa1.a(contiki-main.o)
                0x00800bea                ledtimer
                0x00800bec                clocktime
 COMMON         0x00800bf0        0xc contiki-avr-atmega128rfa1.a(clock.o)
                0x00800bf0                radioontime
                0x00800bf4                sleepseconds
                0x00800bf8                seconds
 COMMON         0x00800bfc        0x4 contiki-avr-atmega128rfa1.a(rs232.o)
                0x00800bfc                input_handler_1
                0x00800bfe                input_handler_0
 COMMON         0x00800c00      0x198 contiki-avr-atmega128rfa1.a(rf230bb.o)
                0x00800c00                rf230_last_correlation
                0x00800c01                rf230_last_rssi
                0x00800c02                RF230_receivefail
                0x00800c04                rf230_smallest_rssi
                0x00800c05                rf230_pending
                0x00800c06                rf230_ccawait
                0x00800c07                RF230_receivepackets
                0x00800c09                rf230_txendwait
                0x00800c0a                rxframe_tail
                0x00800c0b                rxframe_head
                0x00800c0c                rxframe
                0x00800d92                rf230_wakewait
                0x00800d93                RF230_sendpackets
                0x00800d95                RF230_sendfail
                0x00800d97                RF230_receive_on
 COMMON         0x00800d98        0x2 contiki-avr-atmega128rfa1.a(rimeaddr.o)
                0x00800d98                rimeaddr_node_addr
 COMMON         0x00800d9a       0x56 contiki-avr-atmega128rfa1.a(energest.o)
                0x00800d9a                energest_total_time
                0x00800dca                energest_total_count
                0x00800dcc                energest_current_mode
                0x00800dd8                energest_current_time
 COMMON         0x00800df0       0x38 contiki-avr-atmega128rfa1.a(packetbuf.o)
                0x00800df0                packetbuf_addrs
                0x00800df8                packetbuf_attrs
 COMMON         0x00800e28        0x1 contiki-avr-atmega128rfa1.a(tcpip.o)
                0x00800e28                tcpip_event
 COMMON         0x00800e29      0x627 contiki-avr-atmega128rfa1.a(uip.o)
                0x00800e29                uip_len
                0x00800e2b                uip_sappdata
                0x00800e2d                uip_acc32
                0x00800e31                uip_aligned_buf
                0x00801331                uip_flags
                0x00801332                uip_udp_conn
                0x00801334                uip_appdata
                0x00801336                uip_conn
                0x00801338                uip_conns
                0x008013b8                uip_listenports
                0x008013c0                uip_draddr
                0x008013c4                uip_netmask
                0x008013c8                uip_hostaddr
                0x008013cc                uip_slen
                0x008013ce                uip_udp_conns
 COMMON         0x00801450      0x196 C:\Users\DODEDO~1\AppData\Local\Temp\ccAk59ce.o
                0x00801450                dataSize
                0x00801452                dataBufferIn
                0x0080151a                bufferCounter
                0x0080151c                dataBufferOut
                0x008015e4                bufferOverflow
                0x008015e5                transferComplete
 COMMON         0x008015e6        0x6 c:/program files (x86)/atmel/atmel toolchain/avr8 gcc/native/3.4.1061/avr8-gnu-toolchain/bin/../lib/gcc/avr/4.8.1/../../../../avr/lib/avr51\libc.a(iob.o)
                0x008015e6                __iob
                0x008015ec                PROVIDE (__bss_end, .)
                0x000054e0                __data_load_start = LOADADDR (.data)
                0x0000560c                __data_load_end = (__data_load_start + SIZEOF (.data))

.noinit         0x008015ec        0x0
                0x008015ec                PROVIDE (__noinit_start, .)
 *(.noinit*)
                0x008015ec                PROVIDE (__noinit_end, .)
                0x008015ec                _end = .
                0x008015ec                PROVIDE (__heap_start, .)

.eeprom         0x00810000       0x29
 *(.eeprom*)
 .eeprom        0x00810000       0x29 contiki-avr-atmega128rfa1.a(params.o)
                0x00810000                eemem_txpower
                0x00810001                eemem_panaddr
                0x00810003                eemem_panid
                0x00810005                eemem_channel
                0x00810007                eemem_nodeid
                0x00810009                eemem_domain_name
                0x00810013                eemem_server_name
                0x00810021                eemem_mac_address
                0x00810029                __eeprom_end = .

.fuse           0x00820000        0x3
 *(.fuse)
 .fuse          0x00820000        0x3 contiki-avr-atmega128rfa1.a(contiki-main.o)
                0x00820000                __fuse
 *(.lfuse)
 *(.hfuse)
 *(.efuse)

.lock
 *(.lock*)

.signature      0x00840000        0x3
 *(.signature*)
 .signature     0x00840000        0x3 contiki-avr-atmega128rfa1.a(contiki-main.o)
                0x00840000                __signature

.user_signatures
 *(.user_signatures*)

.stab
 *(.stab)

.stabstr
 *(.stabstr)

.stab.excl
 *(.stab.excl)

.stab.exclstr
 *(.stab.exclstr)

.stab.index
 *(.stab.index)

.stab.indexstr
 *(.stab.indexstr)

.comment        0x00000000       0x5c
 *(.comment)
 .comment       0x00000000       0x30 domotica.co
                                 0x31 (size before relaxing)
 .comment       0x00000000       0x31 contiki-avr-atmega128rfa1.a(process.o)
 .comment       0x00000000       0x31 contiki-avr-atmega128rfa1.a(contiki-main.o)
 .comment       0x00000000       0x31 contiki-avr-atmega128rfa1.a(params.o)
 .comment       0x00000000       0x31 contiki-avr-atmega128rfa1.a(clock.o)
 .comment       0x00000000       0x31 contiki-avr-atmega128rfa1.a(rs232.o)
 .comment       0x00000000       0x31 contiki-avr-atmega128rfa1.a(watchdog.o)
 .comment       0x00000000       0x31 contiki-avr-atmega128rfa1.a(rf230bb.o)
 .comment       0x00000000       0x31 contiki-avr-atmega128rfa1.a(halbb.o)
 .comment       0x00000000       0x31 contiki-avr-atmega128rfa1.a(rimeaddr.o)
 .comment       0x00000000       0x31 contiki-avr-atmega128rfa1.a(rime.o)
 .comment       0x00000000       0x31 contiki-avr-atmega128rfa1.a(announcement.o)
 .comment       0x00000000       0x31 contiki-avr-atmega128rfa1.a(broadcast-annou)
 .comment       0x00000000       0x31 contiki-avr-atmega128rfa1.a(broadcast.o)
 .comment       0x00000000       0x31 contiki-avr-atmega128rfa1.a(abc.o)
 .comment       0x00000000       0x31 contiki-avr-atmega128rfa1.a(chameleon.o)
 .comment       0x00000000       0x31 contiki-avr-atmega128rfa1.a(channel.o)
 .comment       0x00000000       0x31 contiki-avr-atmega128rfa1.a(chameleon-bitop)
 .comment       0x00000000       0x31 contiki-avr-atmega128rfa1.a(nullmac.o)
 .comment       0x00000000       0x31 contiki-avr-atmega128rfa1.a(sicslowmac.o)
 .comment       0x00000000       0x31 contiki-avr-atmega128rfa1.a(autostart.o)
 .comment       0x00000000       0x31 contiki-avr-atmega128rfa1.a(list.o)
 .comment       0x00000000       0x31 contiki-avr-atmega128rfa1.a(etimer.o)
 .comment       0x00000000       0x31 contiki-avr-atmega128rfa1.a(ctimer.o)
 .comment       0x00000000       0x31 contiki-avr-atmega128rfa1.a(energest.o)
 .comment       0x00000000       0x31 contiki-avr-atmega128rfa1.a(rtimer.o)
 .comment       0x00000000       0x31 contiki-avr-atmega128rfa1.a(print-stats.o)
 .comment       0x00000000       0x31 contiki-avr-atmega128rfa1.a(random.o)
 .comment       0x00000000       0x31 contiki-avr-atmega128rfa1.a(packetbuf.o)
 .comment       0x00000000       0x31 contiki-avr-atmega128rfa1.a(queuebuf.o)
 .comment       0x00000000       0x31 contiki-avr-atmega128rfa1.a(tcpip.o)
 .comment       0x00000000       0x31 contiki-avr-atmega128rfa1.a(uip-split.o)
 .comment       0x00000000       0x31 contiki-avr-atmega128rfa1.a(uip.o)
 .comment       0x00000000       0x31 contiki-avr-atmega128rfa1.a(rtimer-arch.o)
 .comment       0x00000000       0x31 contiki-avr-atmega128rfa1.a(frame802154.o)
 .comment       0x00000000       0x31 contiki-avr-atmega128rfa1.a(memb.o)
 .comment       0x00000000       0x31 contiki-avr-atmega128rfa1.a(timer.o)
 .comment       0x00000000       0x31 C:\Users\DODEDO~1\AppData\Local\Temp\ccAk59ce.o
 .comment       0x00000000       0x31 c:/program files (x86)/atmel/atmel toolchain/avr8 gcc/native/3.4.1061/avr8-gnu-toolchain/bin/../lib/gcc/avr/4.8.1/../../../../avr/lib/avr51\libc.a(rand.o)
 .comment       0x00000000       0x31 c:/program files (x86)/atmel/atmel toolchain/avr8 gcc/native/3.4.1061/avr8-gnu-toolchain/bin/../lib/gcc/avr/4.8.1/../../../../avr/lib/avr51\libc.a(iob.o)
 .comment       0x00000000       0x31 c:/program files (x86)/atmel/atmel toolchain/avr8 gcc/native/3.4.1061/avr8-gnu-toolchain/bin/../lib/gcc/avr/4.8.1/../../../../avr/lib/avr51\libc.a(printf_p.o)
 .comment       0x00000030       0x2c c:/program files (x86)/atmel/atmel toolchain/avr8 gcc/native/3.4.1061/avr8-gnu-toolchain/bin/../lib/gcc/avr/4.8.1/../../../../avr/lib/avr51\libc.a(vfprintf_std.o)
                                 0x2d (size before relaxing)
 .comment       0x00000000       0x31 c:/program files (x86)/atmel/atmel toolchain/avr8 gcc/native/3.4.1061/avr8-gnu-toolchain/bin/../lib/gcc/avr/4.8.1/../../../../avr/lib/avr51\libc.a(fputc.o)

.note.gnu.build-id
 *(.note.gnu.build-id)

.debug
 *(.debug)

.line
 *(.line)

.debug_srcinfo
 *(.debug_srcinfo)

.debug_sfnames
 *(.debug_sfnames)

.debug_aranges  0x00000000      0xc88
 *(.debug_aranges)
 .debug_aranges
                0x00000000       0x20 domotica.co
 .debug_aranges
                0x00000020       0x88 contiki-avr-atmega128rfa1.a(process.o)
 .debug_aranges
                0x000000a8       0x38 contiki-avr-atmega128rfa1.a(contiki-main.o)
 .debug_aranges
                0x000000e0       0x40 contiki-avr-atmega128rfa1.a(params.o)
 .debug_aranges
                0x00000120       0x60 contiki-avr-atmega128rfa1.a(clock.o)
 .debug_aranges
                0x00000180       0x60 contiki-avr-atmega128rfa1.a(rs232.o)
 .debug_aranges
                0x000001e0       0x40 contiki-avr-atmega128rfa1.a(watchdog.o)
 .debug_aranges
                0x00000220      0x110 contiki-avr-atmega128rfa1.a(rf230bb.o)
 .debug_aranges
                0x00000330       0x80 contiki-avr-atmega128rfa1.a(halbb.o)
 .debug_aranges
                0x000003b0       0x30 contiki-avr-atmega128rfa1.a(rimeaddr.o)
 .debug_aranges
                0x000003e0       0x48 contiki-avr-atmega128rfa1.a(rime.o)
 .debug_aranges
                0x00000428       0x70 contiki-avr-atmega128rfa1.a(announcement.o)
 .debug_aranges
                0x00000498       0x60 contiki-avr-atmega128rfa1.a(broadcast-annou)
 .debug_aranges
                0x000004f8       0x40 contiki-avr-atmega128rfa1.a(broadcast.o)
 .debug_aranges
                0x00000538       0x40 contiki-avr-atmega128rfa1.a(abc.o)
 .debug_aranges
                0x00000578       0x38 contiki-avr-atmega128rfa1.a(chameleon.o)
 .debug_aranges
                0x000005b0       0x40 contiki-avr-atmega128rfa1.a(channel.o)
 .debug_aranges
                0x000005f0       0x40 contiki-avr-atmega128rfa1.a(chameleon-bitop)
 .debug_aranges
                0x00000630       0x48 contiki-avr-atmega128rfa1.a(nullmac.o)
 .debug_aranges
                0x00000678       0x50 contiki-avr-atmega128rfa1.a(sicslowmac.o)
 .debug_aranges
                0x000006c8       0x28 contiki-avr-atmega128rfa1.a(autostart.o)
 .debug_aranges
                0x000006f0       0x78 contiki-avr-atmega128rfa1.a(list.o)
 .debug_aranges
                0x00000768       0x88 contiki-avr-atmega128rfa1.a(etimer.o)
 .debug_aranges
                0x000007f0       0x50 contiki-avr-atmega128rfa1.a(ctimer.o)
 .debug_aranges
                0x00000840       0x40 contiki-avr-atmega128rfa1.a(energest.o)
 .debug_aranges
                0x00000880       0x30 contiki-avr-atmega128rfa1.a(rtimer.o)
 .debug_aranges
                0x000008b0       0x20 contiki-avr-atmega128rfa1.a(print-stats.o)
 .debug_aranges
                0x000008d0       0x28 contiki-avr-atmega128rfa1.a(random.o)
 .debug_aranges
                0x000008f8       0xe0 contiki-avr-atmega128rfa1.a(packetbuf.o)
 .debug_aranges
                0x000009d8       0x68 contiki-avr-atmega128rfa1.a(queuebuf.o)
 .debug_aranges
                0x00000a40       0x90 contiki-avr-atmega128rfa1.a(tcpip.o)
 .debug_aranges
                0x00000ad0       0x20 contiki-avr-atmega128rfa1.a(uip-split.o)
 .debug_aranges
                0x00000af0       0xa8 contiki-avr-atmega128rfa1.a(uip.o)
 .debug_aranges
                0x00000b98       0x40 contiki-avr-atmega128rfa1.a(rtimer-arch.o)
 .debug_aranges
                0x00000bd8       0x38 contiki-avr-atmega128rfa1.a(frame802154.o)
 .debug_aranges
                0x00000c10       0x38 contiki-avr-atmega128rfa1.a(memb.o)
 .debug_aranges
                0x00000c48       0x40 contiki-avr-atmega128rfa1.a(timer.o)

.debug_pubnames
 *(.debug_pubnames)

.debug_info     0x00000000     0xeae7
 *(.debug_info .gnu.linkonce.wi.*)
 .debug_info    0x00000000      0x2ad domotica.co
 .debug_info    0x000002ad      0x75c contiki-avr-atmega128rfa1.a(process.o)
 .debug_info    0x00000a09      0xb70 contiki-avr-atmega128rfa1.a(contiki-main.o)
 .debug_info    0x00001579      0x642 contiki-avr-atmega128rfa1.a(params.o)
 .debug_info    0x00001bbb      0x32f contiki-avr-atmega128rfa1.a(clock.o)
 .debug_info    0x00001eea      0x4a5 contiki-avr-atmega128rfa1.a(rs232.o)
 .debug_info    0x0000238f       0xe6 contiki-avr-atmega128rfa1.a(watchdog.o)
 .debug_info    0x00002475     0x1844 contiki-avr-atmega128rfa1.a(rf230bb.o)
 .debug_info    0x00003cb9      0x3d2 contiki-avr-atmega128rfa1.a(halbb.o)
 .debug_info    0x0000408b      0x1fc contiki-avr-atmega128rfa1.a(rimeaddr.o)
 .debug_info    0x00004287      0x6ec contiki-avr-atmega128rfa1.a(rime.o)
 .debug_info    0x00004973      0x5c9 contiki-avr-atmega128rfa1.a(announcement.o)
 .debug_info    0x00004f3c      0xb90 contiki-avr-atmega128rfa1.a(broadcast-annou)
 .debug_info    0x00005acc      0x6ae contiki-avr-atmega128rfa1.a(broadcast.o)
 .debug_info    0x0000617a      0x50c contiki-avr-atmega128rfa1.a(abc.o)
 .debug_info    0x00006686      0x386 contiki-avr-atmega128rfa1.a(chameleon.o)
 .debug_info    0x00006a0c      0x386 contiki-avr-atmega128rfa1.a(channel.o)
 .debug_info    0x00006d92      0xb10 contiki-avr-atmega128rfa1.a(chameleon-bitop)
 .debug_info    0x000078a2      0x3bc contiki-avr-atmega128rfa1.a(nullmac.o)
 .debug_info    0x00007c5e      0xc3f contiki-avr-atmega128rfa1.a(sicslowmac.o)
 .debug_info    0x0000889d      0x203 contiki-avr-atmega128rfa1.a(autostart.o)
 .debug_info    0x00008aa0      0x3de contiki-avr-atmega128rfa1.a(list.o)
 .debug_info    0x00008e7e      0x6e9 contiki-avr-atmega128rfa1.a(etimer.o)
 .debug_info    0x00009567      0x81c contiki-avr-atmega128rfa1.a(ctimer.o)
 .debug_info    0x00009d83      0x297 contiki-avr-atmega128rfa1.a(energest.o)
 .debug_info    0x0000a01a      0x269 contiki-avr-atmega128rfa1.a(rtimer.o)
 .debug_info    0x0000a283      0x1a8 contiki-avr-atmega128rfa1.a(print-stats.o)
 .debug_info    0x0000a42b       0xf7 contiki-avr-atmega128rfa1.a(random.o)
 .debug_info    0x0000a522      0x8a4 contiki-avr-atmega128rfa1.a(packetbuf.o)
 .debug_info    0x0000adc6      0xb0d contiki-avr-atmega128rfa1.a(queuebuf.o)
 .debug_info    0x0000b8d3     0x1099 contiki-avr-atmega128rfa1.a(tcpip.o)
 .debug_info    0x0000c96c      0x3e7 contiki-avr-atmega128rfa1.a(uip-split.o)
 .debug_info    0x0000cd53     0x117e contiki-avr-atmega128rfa1.a(uip.o)
 .debug_info    0x0000ded1      0x2cf contiki-avr-atmega128rfa1.a(rtimer-arch.o)
 .debug_info    0x0000e1a0      0x573 contiki-avr-atmega128rfa1.a(frame802154.o)
 .debug_info    0x0000e713      0x211 contiki-avr-atmega128rfa1.a(memb.o)
 .debug_info    0x0000e924      0x1c3 contiki-avr-atmega128rfa1.a(timer.o)

.debug_abbrev   0x00000000     0x4fc6
 *(.debug_abbrev)
 .debug_abbrev  0x00000000      0x18f domotica.co
 .debug_abbrev  0x0000018f      0x38f contiki-avr-atmega128rfa1.a(process.o)
 .debug_abbrev  0x0000051e      0x30d contiki-avr-atmega128rfa1.a(contiki-main.o)
 .debug_abbrev  0x0000082b      0x1a0 contiki-avr-atmega128rfa1.a(params.o)
 .debug_abbrev  0x000009cb      0x1ec contiki-avr-atmega128rfa1.a(clock.o)
 .debug_abbrev  0x00000bb7      0x25b contiki-avr-atmega128rfa1.a(rs232.o)
 .debug_abbrev  0x00000e12       0x51 contiki-avr-atmega128rfa1.a(watchdog.o)
 .debug_abbrev  0x00000e63      0x500 contiki-avr-atmega128rfa1.a(rf230bb.o)
 .debug_abbrev  0x00001363      0x196 contiki-avr-atmega128rfa1.a(halbb.o)
 .debug_abbrev  0x000014f9      0x13e contiki-avr-atmega128rfa1.a(rimeaddr.o)
 .debug_abbrev  0x00001637      0x267 contiki-avr-atmega128rfa1.a(rime.o)
 .debug_abbrev  0x0000189e      0x209 contiki-avr-atmega128rfa1.a(announcement.o)
 .debug_abbrev  0x00001aa7      0x32a contiki-avr-atmega128rfa1.a(broadcast-annou)
 .debug_abbrev  0x00001dd1      0x248 contiki-avr-atmega128rfa1.a(broadcast.o)
 .debug_abbrev  0x00002019      0x1cf contiki-avr-atmega128rfa1.a(abc.o)
 .debug_abbrev  0x000021e8      0x1cd contiki-avr-atmega128rfa1.a(chameleon.o)
 .debug_abbrev  0x000023b5      0x1a6 contiki-avr-atmega128rfa1.a(channel.o)
 .debug_abbrev  0x0000255b      0x348 contiki-avr-atmega128rfa1.a(chameleon-bitop)
 .debug_abbrev  0x000028a3      0x175 contiki-avr-atmega128rfa1.a(nullmac.o)
 .debug_abbrev  0x00002a18      0x351 contiki-avr-atmega128rfa1.a(sicslowmac.o)
 .debug_abbrev  0x00002d69      0x129 contiki-avr-atmega128rfa1.a(autostart.o)
 .debug_abbrev  0x00002e92      0x1a6 contiki-avr-atmega128rfa1.a(list.o)
 .debug_abbrev  0x00003038      0x334 contiki-avr-atmega128rfa1.a(etimer.o)
 .debug_abbrev  0x0000336c      0x267 contiki-avr-atmega128rfa1.a(ctimer.o)
 .debug_abbrev  0x000035d3      0x141 contiki-avr-atmega128rfa1.a(energest.o)
 .debug_abbrev  0x00003714      0x18d contiki-avr-atmega128rfa1.a(rtimer.o)
 .debug_abbrev  0x000038a1      0x111 contiki-avr-atmega128rfa1.a(print-stats.o)
 .debug_abbrev  0x000039b2       0xc6 contiki-avr-atmega128rfa1.a(random.o)
 .debug_abbrev  0x00003a78      0x32e contiki-avr-atmega128rfa1.a(packetbuf.o)
 .debug_abbrev  0x00003da6      0x316 contiki-avr-atmega128rfa1.a(queuebuf.o)
 .debug_abbrev  0x000040bc      0x476 contiki-avr-atmega128rfa1.a(tcpip.o)
 .debug_abbrev  0x00004532      0x198 contiki-avr-atmega128rfa1.a(uip-split.o)
 .debug_abbrev  0x000046ca      0x3b6 contiki-avr-atmega128rfa1.a(uip.o)
 .debug_abbrev  0x00004a80      0x15a contiki-avr-atmega128rfa1.a(rtimer-arch.o)
 .debug_abbrev  0x00004bda      0x1d5 contiki-avr-atmega128rfa1.a(frame802154.o)
 .debug_abbrev  0x00004daf      0x11c contiki-avr-atmega128rfa1.a(memb.o)
 .debug_abbrev  0x00004ecb       0xfb contiki-avr-atmega128rfa1.a(timer.o)

.debug_line     0x00000000     0x45ea
 *(.debug_line .debug_line.* .debug_line_end)
 .debug_line    0x00000000       0xff domotica.co
 .debug_line    0x000000ff      0x1e6 contiki-avr-atmega128rfa1.a(process.o)
 .debug_line    0x000002e5      0x3d2 contiki-avr-atmega128rfa1.a(contiki-main.o)
 .debug_line    0x000006b7      0x257 contiki-avr-atmega128rfa1.a(params.o)
 .debug_line    0x0000090e      0x1f5 contiki-avr-atmega128rfa1.a(clock.o)
 .debug_line    0x00000b03      0x1b5 contiki-avr-atmega128rfa1.a(rs232.o)
 .debug_line    0x00000cb8      0x102 contiki-avr-atmega128rfa1.a(watchdog.o)
 .debug_line    0x00000dba      0x5fb contiki-avr-atmega128rfa1.a(rf230bb.o)
 .debug_line    0x000013b5      0x1d2 contiki-avr-atmega128rfa1.a(halbb.o)
 .debug_line    0x00001587      0x16f contiki-avr-atmega128rfa1.a(rimeaddr.o)
 .debug_line    0x000016f6      0x23a contiki-avr-atmega128rfa1.a(rime.o)
 .debug_line    0x00001930      0x1c6 contiki-avr-atmega128rfa1.a(announcement.o)
 .debug_line    0x00001af6      0x2d4 contiki-avr-atmega128rfa1.a(broadcast-annou)
 .debug_line    0x00001dca      0x181 contiki-avr-atmega128rfa1.a(broadcast.o)
 .debug_line    0x00001f4b      0x164 contiki-avr-atmega128rfa1.a(abc.o)
 .debug_line    0x000020af      0x136 contiki-avr-atmega128rfa1.a(chameleon.o)
 .debug_line    0x000021e5      0x168 contiki-avr-atmega128rfa1.a(channel.o)
 .debug_line    0x0000234d      0x1fd contiki-avr-atmega128rfa1.a(chameleon-bitop)
 .debug_line    0x0000254a       0xcf contiki-avr-atmega128rfa1.a(nullmac.o)
 .debug_line    0x00002619      0x230 contiki-avr-atmega128rfa1.a(sicslowmac.o)
 .debug_line    0x00002849       0x92 contiki-avr-atmega128rfa1.a(autostart.o)
 .debug_line    0x000028db      0x15b contiki-avr-atmega128rfa1.a(list.o)
 .debug_line    0x00002a36      0x21a contiki-avr-atmega128rfa1.a(etimer.o)
 .debug_line    0x00002c50      0x1b3 contiki-avr-atmega128rfa1.a(ctimer.o)
 .debug_line    0x00002e03      0x135 contiki-avr-atmega128rfa1.a(energest.o)
 .debug_line    0x00002f38       0x8e contiki-avr-atmega128rfa1.a(rtimer.o)
 .debug_line    0x00002fc6      0x113 contiki-avr-atmega128rfa1.a(print-stats.o)
 .debug_line    0x000030d9       0xc8 contiki-avr-atmega128rfa1.a(random.o)
 .debug_line    0x000031a1      0x2f8 contiki-avr-atmega128rfa1.a(packetbuf.o)
 .debug_line    0x00003499      0x1fd contiki-avr-atmega128rfa1.a(queuebuf.o)
 .debug_line    0x00003696      0x31c contiki-avr-atmega128rfa1.a(tcpip.o)
 .debug_line    0x000039b2      0x106 contiki-avr-atmega128rfa1.a(uip-split.o)
 .debug_line    0x00003ab8      0x5c8 contiki-avr-atmega128rfa1.a(uip.o)
 .debug_line    0x00004080      0x1df contiki-avr-atmega128rfa1.a(rtimer-arch.o)
 .debug_line    0x0000425f      0x1f4 contiki-avr-atmega128rfa1.a(frame802154.o)
 .debug_line    0x00004453       0xbb contiki-avr-atmega128rfa1.a(memb.o)
 .debug_line    0x0000450e       0xdc contiki-avr-atmega128rfa1.a(timer.o)

.debug_frame    0x00000000     0x1fd8
 *(.debug_frame)
 .debug_frame   0x00000000       0x30 domotica.co
 .debug_frame   0x00000030      0x148 contiki-avr-atmega128rfa1.a(process.o)
 .debug_frame   0x00000178       0x9c contiki-avr-atmega128rfa1.a(contiki-main.o)
 .debug_frame   0x00000214       0x7c contiki-avr-atmega128rfa1.a(params.o)
 .debug_frame   0x00000290      0x130 contiki-avr-atmega128rfa1.a(clock.o)
 .debug_frame   0x000003c0      0x14c contiki-avr-atmega128rfa1.a(rs232.o)
 .debug_frame   0x0000050c       0x64 contiki-avr-atmega128rfa1.a(watchdog.o)
 .debug_frame   0x00000570      0x2a4 contiki-avr-atmega128rfa1.a(rf230bb.o)
 .debug_frame   0x00000814      0x190 contiki-avr-atmega128rfa1.a(halbb.o)
 .debug_frame   0x000009a4       0x44 contiki-avr-atmega128rfa1.a(rimeaddr.o)
 .debug_frame   0x000009e8       0xc4 contiki-avr-atmega128rfa1.a(rime.o)
 .debug_frame   0x00000aac      0x10c contiki-avr-atmega128rfa1.a(announcement.o)
 .debug_frame   0x00000bb8      0x11c contiki-avr-atmega128rfa1.a(broadcast-annou)
 .debug_frame   0x00000cd4       0xac contiki-avr-atmega128rfa1.a(broadcast.o)
 .debug_frame   0x00000d80       0x84 contiki-avr-atmega128rfa1.a(abc.o)
 .debug_frame   0x00000e04       0x74 contiki-avr-atmega128rfa1.a(chameleon.o)
 .debug_frame   0x00000e78       0x84 contiki-avr-atmega128rfa1.a(channel.o)
 .debug_frame   0x00000efc      0x140 contiki-avr-atmega128rfa1.a(chameleon-bitop)
 .debug_frame   0x0000103c       0x74 contiki-avr-atmega128rfa1.a(nullmac.o)
 .debug_frame   0x000010b0       0xf4 contiki-avr-atmega128rfa1.a(sicslowmac.o)
 .debug_frame   0x000011a4       0x4c contiki-avr-atmega128rfa1.a(autostart.o)
 .debug_frame   0x000011f0       0xfc contiki-avr-atmega128rfa1.a(list.o)
 .debug_frame   0x000012ec      0x150 contiki-avr-atmega128rfa1.a(etimer.o)
 .debug_frame   0x0000143c       0xf8 contiki-avr-atmega128rfa1.a(ctimer.o)
 .debug_frame   0x00001534       0x88 contiki-avr-atmega128rfa1.a(energest.o)
 .debug_frame   0x000015bc       0x50 contiki-avr-atmega128rfa1.a(rtimer.o)
 .debug_frame   0x0000160c       0x84 contiki-avr-atmega128rfa1.a(print-stats.o)
 .debug_frame   0x00001690       0x34 contiki-avr-atmega128rfa1.a(random.o)
 .debug_frame   0x000016c4      0x22c contiki-avr-atmega128rfa1.a(packetbuf.o)
 .debug_frame   0x000018f0       0xf4 contiki-avr-atmega128rfa1.a(queuebuf.o)
 .debug_frame   0x000019e4      0x16c contiki-avr-atmega128rfa1.a(tcpip.o)
 .debug_frame   0x00001b50       0x38 contiki-avr-atmega128rfa1.a(uip-split.o)
 .debug_frame   0x00001b88      0x188 contiki-avr-atmega128rfa1.a(uip.o)
 .debug_frame   0x00001d10       0xd8 contiki-avr-atmega128rfa1.a(rtimer-arch.o)
 .debug_frame   0x00001de8       0xfc contiki-avr-atmega128rfa1.a(frame802154.o)
 .debug_frame   0x00001ee4       0x60 contiki-avr-atmega128rfa1.a(memb.o)
 .debug_frame   0x00001f44       0x94 contiki-avr-atmega128rfa1.a(timer.o)

.debug_str      0x00000000     0x2e14
 *(.debug_str)
 .debug_str     0x00000000      0x2d4 domotica.co
                                0x33e (size before relaxing)
 .debug_str     0x000002d4      0x14b contiki-avr-atmega128rfa1.a(process.o)
                                0x2ef (size before relaxing)
 .debug_str     0x0000041f      0x2ff contiki-avr-atmega128rfa1.a(contiki-main.o)
                                0x65a (size before relaxing)
 .debug_str     0x0000071e      0x17c contiki-avr-atmega128rfa1.a(params.o)
                                0x44b (size before relaxing)
 .debug_str     0x0000089a      0x116 contiki-avr-atmega128rfa1.a(clock.o)
                                0x278 (size before relaxing)
 .debug_str     0x000009b0       0xe5 contiki-avr-atmega128rfa1.a(rs232.o)
                                0x362 (size before relaxing)
 .debug_str     0x00000a95       0x3b contiki-avr-atmega128rfa1.a(watchdog.o)
                                0x180 (size before relaxing)
 .debug_str     0x00000ad0      0x99c contiki-avr-atmega128rfa1.a(rf230bb.o)
                                0xe3d (size before relaxing)
 .debug_str     0x0000146c       0xec contiki-avr-atmega128rfa1.a(halbb.o)
                                0x303 (size before relaxing)
 .debug_str     0x00001558       0x75 contiki-avr-atmega128rfa1.a(rimeaddr.o)
                                0x1bf (size before relaxing)
 .debug_str     0x000015cd      0x1b6 contiki-avr-atmega128rfa1.a(rime.o)
                                0x3c9 (size before relaxing)
 .debug_str     0x00001783      0x1ab contiki-avr-atmega128rfa1.a(announcement.o)
                                0x37c (size before relaxing)
 .debug_str     0x0000192e      0x21d contiki-avr-atmega128rfa1.a(broadcast-annou)
                                0x67c (size before relaxing)
 .debug_str     0x00001b4b       0xa2 contiki-avr-atmega128rfa1.a(broadcast.o)
                                0x6c3 (size before relaxing)
 .debug_str     0x00001bed       0x37 contiki-avr-atmega128rfa1.a(abc.o)
                                0x637 (size before relaxing)
 .debug_str     0x00001c24       0x63 contiki-avr-atmega128rfa1.a(chameleon.o)
                                0x507 (size before relaxing)
 .debug_str     0x00001c87       0x4e contiki-avr-atmega128rfa1.a(channel.o)
                                0x255 (size before relaxing)
 .debug_str     0x00001cd5      0x105 contiki-avr-atmega128rfa1.a(chameleon-bitop)
                                0x61f (size before relaxing)
 .debug_str     0x00001dda       0x46 contiki-avr-atmega128rfa1.a(nullmac.o)
                                0x223 (size before relaxing)
 .debug_str     0x00001e20      0x1f8 contiki-avr-atmega128rfa1.a(sicslowmac.o)
                                0x8c5 (size before relaxing)
 .debug_str     0x00002018       0x2c contiki-avr-atmega128rfa1.a(autostart.o)
                                0x1cb (size before relaxing)
 .debug_str     0x00002044       0x72 contiki-avr-atmega128rfa1.a(list.o)
                                0x163 (size before relaxing)
 .debug_str     0x000020b6      0x112 contiki-avr-atmega128rfa1.a(etimer.o)
                                0x35c (size before relaxing)
 .debug_str     0x000021c8       0x98 contiki-avr-atmega128rfa1.a(ctimer.o)
                                0x439 (size before relaxing)
 .debug_str     0x00002260       0x9d contiki-avr-atmega128rfa1.a(energest.o)
                                0x355 (size before relaxing)
 .debug_str     0x000022fd       0xcf contiki-avr-atmega128rfa1.a(rtimer.o)
                                0x33f (size before relaxing)
 .debug_str     0x000023cc       0x1f contiki-avr-atmega128rfa1.a(print-stats.o)
                                0x2d4 (size before relaxing)
 .debug_str     0x000023eb       0x25 contiki-avr-atmega128rfa1.a(random.o)
                                0x15a (size before relaxing)
 .debug_str     0x00002410      0x15c contiki-avr-atmega128rfa1.a(packetbuf.o)
                                0x7e6 (size before relaxing)
 .debug_str     0x0000256c      0x193 contiki-avr-atmega128rfa1.a(queuebuf.o)
                                0x862 (size before relaxing)
 .debug_str     0x000026ff      0x312 contiki-avr-atmega128rfa1.a(tcpip.o)
                                0x6f2 (size before relaxing)
 .debug_str     0x00002a11       0x69 contiki-avr-atmega128rfa1.a(uip-split.o)
                                0x28f (size before relaxing)
 .debug_str     0x00002a7a      0x26a contiki-avr-atmega128rfa1.a(uip.o)
                                0x77e (size before relaxing)
 .debug_str     0x00002ce4       0x56 contiki-avr-atmega128rfa1.a(rtimer-arch.o)
                                0x3cf (size before relaxing)
 .debug_str     0x00002d3a       0x94 contiki-avr-atmega128rfa1.a(frame802154.o)
                                0x385 (size before relaxing)
 .debug_str     0x00002dce       0x1d contiki-avr-atmega128rfa1.a(memb.o)
                                0x185 (size before relaxing)
 .debug_str     0x00002deb       0x29 contiki-avr-atmega128rfa1.a(timer.o)
                                0x1a5 (size before relaxing)

.debug_loc      0x00000000     0x89db
 *(.debug_loc)
 .debug_loc     0x00000000      0x127 domotica.co
 .debug_loc     0x00000127      0x5da contiki-avr-atmega128rfa1.a(process.o)
 .debug_loc     0x00000701      0x226 contiki-avr-atmega128rfa1.a(contiki-main.o)
 .debug_loc     0x00000927      0x223 contiki-avr-atmega128rfa1.a(params.o)
 .debug_loc     0x00000b4a      0x35a contiki-avr-atmega128rfa1.a(clock.o)
 .debug_loc     0x00000ea4      0x3fc contiki-avr-atmega128rfa1.a(rs232.o)
 .debug_loc     0x000012a0      0xb04 contiki-avr-atmega128rfa1.a(rf230bb.o)
 .debug_loc     0x00001da4      0x493 contiki-avr-atmega128rfa1.a(halbb.o)
 .debug_loc     0x00002237       0x82 contiki-avr-atmega128rfa1.a(rimeaddr.o)
 .debug_loc     0x000022b9      0x380 contiki-avr-atmega128rfa1.a(rime.o)
 .debug_loc     0x00002639      0x46f contiki-avr-atmega128rfa1.a(announcement.o)
 .debug_loc     0x00002aa8      0x5eb contiki-avr-atmega128rfa1.a(broadcast-annou)
 .debug_loc     0x00003093      0x32f contiki-avr-atmega128rfa1.a(broadcast.o)
 .debug_loc     0x000033c2      0x248 contiki-avr-atmega128rfa1.a(abc.o)
 .debug_loc     0x0000360a      0x130 contiki-avr-atmega128rfa1.a(chameleon.o)
 .debug_loc     0x0000373a      0x204 contiki-avr-atmega128rfa1.a(channel.o)
 .debug_loc     0x0000393e      0xf67 contiki-avr-atmega128rfa1.a(chameleon-bitop)
 .debug_loc     0x000048a5       0x72 contiki-avr-atmega128rfa1.a(nullmac.o)
 .debug_loc     0x00004917      0x373 contiki-avr-atmega128rfa1.a(sicslowmac.o)
 .debug_loc     0x00004c8a       0xaa contiki-avr-atmega128rfa1.a(autostart.o)
 .debug_loc     0x00004d34      0x472 contiki-avr-atmega128rfa1.a(list.o)
 .debug_loc     0x000051a6      0x5bb contiki-avr-atmega128rfa1.a(etimer.o)
 .debug_loc     0x00005761      0x5b9 contiki-avr-atmega128rfa1.a(ctimer.o)
 .debug_loc     0x00005d1a      0x158 contiki-avr-atmega128rfa1.a(energest.o)
 .debug_loc     0x00005e72      0x149 contiki-avr-atmega128rfa1.a(rtimer.o)
 .debug_loc     0x00005fbb      0x117 contiki-avr-atmega128rfa1.a(print-stats.o)
 .debug_loc     0x000060d2       0x26 contiki-avr-atmega128rfa1.a(random.o)
 .debug_loc     0x000060f8      0x521 contiki-avr-atmega128rfa1.a(packetbuf.o)
 .debug_loc     0x00006619      0x3e2 contiki-avr-atmega128rfa1.a(queuebuf.o)
 .debug_loc     0x000069fb      0x851 contiki-avr-atmega128rfa1.a(tcpip.o)
 .debug_loc     0x0000724c       0xa1 contiki-avr-atmega128rfa1.a(uip-split.o)
 .debug_loc     0x000072ed      0x7c4 contiki-avr-atmega128rfa1.a(uip.o)
 .debug_loc     0x00007ab1      0x22a contiki-avr-atmega128rfa1.a(rtimer-arch.o)
 .debug_loc     0x00007cdb      0x977 contiki-avr-atmega128rfa1.a(frame802154.o)
 .debug_loc     0x00008652      0x17b contiki-avr-atmega128rfa1.a(memb.o)
 .debug_loc     0x000087cd      0x20e contiki-avr-atmega128rfa1.a(timer.o)

.debug_macinfo
 *(.debug_macinfo)

.debug_weaknames
 *(.debug_weaknames)

.debug_funcnames
 *(.debug_funcnames)

.debug_typenames
 *(.debug_typenames)

.debug_varnames
 *(.debug_varnames)

.debug_pubtypes
 *(.debug_pubtypes)

.debug_ranges   0x00000000      0xae0
 *(.debug_ranges)
 .debug_ranges  0x00000000       0x10 domotica.co
 .debug_ranges  0x00000010       0x78 contiki-avr-atmega128rfa1.a(process.o)
 .debug_ranges  0x00000088       0x40 contiki-avr-atmega128rfa1.a(contiki-main.o)
 .debug_ranges  0x000000c8       0x30 contiki-avr-atmega128rfa1.a(params.o)
 .debug_ranges  0x000000f8       0x50 contiki-avr-atmega128rfa1.a(clock.o)
 .debug_ranges  0x00000148       0x50 contiki-avr-atmega128rfa1.a(rs232.o)
 .debug_ranges  0x00000198       0x30 contiki-avr-atmega128rfa1.a(watchdog.o)
 .debug_ranges  0x000001c8      0x118 contiki-avr-atmega128rfa1.a(rf230bb.o)
 .debug_ranges  0x000002e0       0x70 contiki-avr-atmega128rfa1.a(halbb.o)
 .debug_ranges  0x00000350       0x20 contiki-avr-atmega128rfa1.a(rimeaddr.o)
 .debug_ranges  0x00000370       0x38 contiki-avr-atmega128rfa1.a(rime.o)
 .debug_ranges  0x000003a8       0x60 contiki-avr-atmega128rfa1.a(announcement.o)
 .debug_ranges  0x00000408       0x68 contiki-avr-atmega128rfa1.a(broadcast-annou)
 .debug_ranges  0x00000470       0x30 contiki-avr-atmega128rfa1.a(broadcast.o)
 .debug_ranges  0x000004a0       0x30 contiki-avr-atmega128rfa1.a(abc.o)
 .debug_ranges  0x000004d0       0x28 contiki-avr-atmega128rfa1.a(chameleon.o)
 .debug_ranges  0x000004f8       0x30 contiki-avr-atmega128rfa1.a(channel.o)
 .debug_ranges  0x00000528       0x48 contiki-avr-atmega128rfa1.a(chameleon-bitop)
 .debug_ranges  0x00000570       0x38 contiki-avr-atmega128rfa1.a(nullmac.o)
 .debug_ranges  0x000005a8       0x40 contiki-avr-atmega128rfa1.a(sicslowmac.o)
 .debug_ranges  0x000005e8       0x18 contiki-avr-atmega128rfa1.a(autostart.o)
 .debug_ranges  0x00000600       0x68 contiki-avr-atmega128rfa1.a(list.o)
 .debug_ranges  0x00000668       0xa8 contiki-avr-atmega128rfa1.a(etimer.o)
 .debug_ranges  0x00000710       0x40 contiki-avr-atmega128rfa1.a(ctimer.o)
 .debug_ranges  0x00000750       0x30 contiki-avr-atmega128rfa1.a(energest.o)
 .debug_ranges  0x00000780       0x20 contiki-avr-atmega128rfa1.a(rtimer.o)
 .debug_ranges  0x000007a0       0x10 contiki-avr-atmega128rfa1.a(print-stats.o)
 .debug_ranges  0x000007b0       0x18 contiki-avr-atmega128rfa1.a(random.o)
 .debug_ranges  0x000007c8       0xd0 contiki-avr-atmega128rfa1.a(packetbuf.o)
 .debug_ranges  0x00000898       0x70 contiki-avr-atmega128rfa1.a(queuebuf.o)
 .debug_ranges  0x00000908       0x80 contiki-avr-atmega128rfa1.a(tcpip.o)
 .debug_ranges  0x00000988       0x10 contiki-avr-atmega128rfa1.a(uip-split.o)
 .debug_ranges  0x00000998       0x98 contiki-avr-atmega128rfa1.a(uip.o)
 .debug_ranges  0x00000a30       0x30 contiki-avr-atmega128rfa1.a(rtimer-arch.o)
 .debug_ranges  0x00000a60       0x28 contiki-avr-atmega128rfa1.a(frame802154.o)
 .debug_ranges  0x00000a88       0x28 contiki-avr-atmega128rfa1.a(memb.o)
 .debug_ranges  0x00000ab0       0x30 contiki-avr-atmega128rfa1.a(timer.o)

.debug_macro
 *(.debug_macro)
OUTPUT(domotica.avr-atmega128rfa1 elf32-avr)
LOAD linker stubs

.bootloader     0x0001f800        0x0
